

================================================================
== Vitis HLS Report for 'Debayer'
================================================================
* Date:           Wed Nov  8 15:31:20 2023

* Version:        2023.2 (Build 4023990 on Oct 11 2023)
* Project:        prj
* Solution:       sol (Vivado IP Flow Target)
* Product family: zynq
* Target device:  xc7z020-clg400-1


================================================================
== Performance Estimates
================================================================
+ Timing: 
    * Summary: 
    +--------+---------+----------+------------+
    |  Clock |  Target | Estimated| Uncertainty|
    +--------+---------+----------+------------+
    |ap_clk  |  6.67 ns|  5.283 ns|     1.80 ns|
    +--------+---------+----------+------------+

+ Latency: 
    * Summary: 
    +---------+------------+----------+-----------+-----+------------+----------+
    |   Latency (cycles)   |  Latency (absolute)  |     Interval     | Pipeline |
    |   min   |     max    |    min   |    max    | min |     max    |   Type   |
    +---------+------------+----------+-----------+-----+------------+----------+
    |    16466|  1075855393|  0.110 ms|  7.173 sec|   66|  1075855394|  dataflow|
    +---------+------------+----------+-----------+-----+------------+----------+

    + Detail: 
        * Instance: 
        +----------------------+-------------------+---------+------------+-----------+-----------+-----+------------+---------+
        |                      |                   |   Latency (cycles)   |   Latency (absolute)  |     Interval     | Pipeline|
        |       Instance       |       Module      |   min   |     max    |    min    |    max    | min |     max    |   Type  |
        +----------------------+-------------------+---------+------------+-----------+-----------+-----+------------+---------+
        |DebayerG_U0           |DebayerG           |       65|  1075855393|   0.433 us|  7.173 sec|   65|  1075855393|       no|
        |DebayerRatBorBatR_U0  |DebayerRatBorBatR  |       17|      140597|   0.113 us|   0.937 ms|   17|      140597|       no|
        |DebayerRandBatG_U0    |DebayerRandBatG    |       14|      138434|  93.338 ns|   0.923 ms|   14|      138434|       no|
        +----------------------+-------------------+---------+------------+-----------+-----------+-----+------------+---------+

        * Loop: 
        N/A



================================================================
== Utilization Estimates
================================================================
* Summary: 
+-----------------+---------+-----+--------+-------+-----+
|       Name      | BRAM_18K| DSP |   FF   |  LUT  | URAM|
+-----------------+---------+-----+--------+-------+-----+
|DSP              |        -|    -|       -|      -|    -|
|Expression       |        -|    -|       0|      2|    -|
|FIFO             |        -|    -|     396|    272|    -|
|Instance         |       40|   32|   36879|  27151|    0|
|Memory           |        -|    -|       -|      -|    -|
|Multiplexer      |        -|    -|       -|      9|    -|
|Register         |        -|    -|       1|      -|    -|
+-----------------+---------+-----+--------+-------+-----+
|Total            |       40|   32|   37276|  27434|    0|
+-----------------+---------+-----+--------+-------+-----+
|Available        |      280|  220|  106400|  53200|    0|
+-----------------+---------+-----+--------+-------+-----+
|Utilization (%)  |       14|   14|      35|     51|    0|
+-----------------+---------+-----+--------+-------+-----+

+ Detail: 
    * Instance: 
    +----------------------+-------------------+---------+----+-------+-------+-----+
    |       Instance       |       Module      | BRAM_18K| DSP|   FF  |  LUT  | URAM|
    +----------------------+-------------------+---------+----+-------+-------+-----+
    |DebayerG_U0           |DebayerG           |       24|  32|  18556|  12495|    0|
    |DebayerRandBatG_U0    |DebayerRandBatG    |        8|   0|   7888|   7016|    0|
    |DebayerRatBorBatR_U0  |DebayerRatBorBatR  |        8|   0|  10435|   7640|    0|
    +----------------------+-------------------+---------+----+-------+-------+-----+
    |Total                 |                   |       40|  32|  36879|  27151|    0|
    +----------------------+-------------------+---------+----+-------+-------+-----+

    * DSP: 
    N/A

    * Memory: 
    N/A

    * FIFO: 
    +-----------------+---------+----+----+-----+------+-----+---------+
    |       Name      | BRAM_18K| FF | LUT| URAM| Depth| Bits| Size:D*B|
    +-----------------+---------+----+----+-----+------+-----+---------+
    |bayerPhase_c9_U  |        0|  99|   0|    -|     2|   16|       32|
    |bayerPhase_c_U   |        0|  99|   0|    -|     2|   16|       32|
    |imgG_U           |        0|  99|   0|    -|     3|  120|      360|
    |imgRB_U          |        0|  99|   0|    -|     3|  120|      360|
    +-----------------+---------+----+----+-----+------+-----+---------+
    |Total            |        0| 396|   0|    0|    10|  272|      784|
    +-----------------+---------+----+----+-----+------+-----+---------+

    * Expression: 
    +--------------+----------+----+---+----+------------+------------+
    | Variable Name| Operation| DSP| FF| LUT| Bitwidth P0| Bitwidth P1|
    +--------------+----------+----+---+----+------------+------------+
    |ap_idle       |       and|   0|  0|   2|           1|           1|
    +--------------+----------+----+---+----+------------+------------+
    |Total         |          |   0|  0|   2|           1|           1|
    +--------------+----------+----+---+----+------------+------------+

    * Multiplexer: 
    +------------+----+-----------+-----+-----------+
    |    Name    | LUT| Input Size| Bits| Total Bits|
    +------------+----+-----------+-----+-----------+
    |real_start  |   9|          2|    1|          2|
    +------------+----+-----------+-----+-----------+
    |Total       |   9|          2|    1|          2|
    +------------+----+-----------+-----+-----------+

    * Register: 
    +----------------+---+----+-----+-----------+
    |      Name      | FF| LUT| Bits| Const Bits|
    +----------------+---+----+-----+-----------+
    |start_once_reg  |  1|   0|    1|          0|
    +----------------+---+----+-----+-----------+
    |Total           |  1|   0|    1|          0|
    +----------------+---+----+-----+-----------+



================================================================
== Interface
================================================================
* Summary: 
+------------------------+-----+-----+------------+-----------------+--------------+
|        RTL Ports       | Dir | Bits|  Protocol  |  Source Object  |    C Type    |
+------------------------+-----+-----+------------+-----------------+--------------+
|ap_start                |   in|    1|  ap_ctrl_hs|          Debayer|  return value|
|start_full_n            |   in|    1|  ap_ctrl_hs|          Debayer|  return value|
|start_out               |  out|    1|  ap_ctrl_hs|          Debayer|  return value|
|start_write             |  out|    1|  ap_ctrl_hs|          Debayer|  return value|
|ap_clk                  |   in|    1|  ap_ctrl_hs|          Debayer|  return value|
|ap_rst                  |   in|    1|  ap_ctrl_hs|          Debayer|  return value|
|ap_done                 |  out|    1|  ap_ctrl_hs|          Debayer|  return value|
|ap_ready                |  out|    1|  ap_ctrl_hs|          Debayer|  return value|
|ap_idle                 |  out|    1|  ap_ctrl_hs|          Debayer|  return value|
|ap_continue             |   in|    1|  ap_ctrl_hs|          Debayer|  return value|
|imgBayer_dout           |   in|   40|     ap_fifo|         imgBayer|       pointer|
|imgBayer_empty_n        |   in|    1|     ap_fifo|         imgBayer|       pointer|
|imgBayer_read           |  out|    1|     ap_fifo|         imgBayer|       pointer|
|imgRgb_din              |  out|  120|     ap_fifo|           imgRgb|       pointer|
|imgRgb_full_n           |   in|    1|     ap_fifo|           imgRgb|       pointer|
|imgRgb_write            |  out|    1|     ap_fifo|           imgRgb|       pointer|
|height                  |   in|   16|   ap_stable|           height|        scalar|
|height_ap_vld           |   in|    1|   ap_stable|           height|        scalar|
|width                   |   in|   16|   ap_stable|            width|        scalar|
|width_ap_vld            |   in|    1|   ap_stable|            width|        scalar|
|bayerPhase_read         |   in|   16|     ap_none|  bayerPhase_read|        scalar|
|bayerPhase_read_ap_vld  |   in|    1|     ap_none|  bayerPhase_read|        scalar|
+------------------------+-----+-----+------------+-----------------+--------------+

