

================================================================
== Vitis HLS Report for 'DebayerRandBatG_Pipeline_VITIS_LOOP_881_2'
================================================================
* Date:           Wed Nov  8 15:31:18 2023

* Version:        2023.2 (Build 4023990 on Oct 11 2023)
* Project:        prj
* Solution:       sol (Vivado IP Flow Target)
* Product family: zynq
* Target device:  xc7z020-clg400-1


================================================================
== Performance Estimates
================================================================
+ Timing: 
    * Summary: 
    +--------+---------+----------+------------+
    |  Clock |  Target | Estimated| Uncertainty|
    +--------+---------+----------+------------+
    |ap_clk  |  6.67 ns|  5.091 ns|     1.80 ns|
    +--------+---------+----------+------------+

+ Latency: 
    * Summary: 
    +---------+---------+-----------+----------+-----+-----+---------+
    |  Latency (cycles) |  Latency (absolute)  |  Interval | Pipeline|
    |   min   |   max   |    min    |    max   | min | max |   Type  |
    +---------+---------+-----------+----------+-----+-----+---------+
    |        9|      189|  60.003 ns|  1.260 us|    9|  189|       no|
    +---------+---------+-----------+----------+-----+-----+---------+

    + Detail: 
        * Instance: 
        N/A

        * Loop: 
        +--------------------+---------+---------+----------+-----------+-----------+---------+----------+
        |                    |  Latency (cycles) | Iteration|  Initiation Interval  |   Trip  |          |
        |      Loop Name     |   min   |   max   |  Latency |  achieved |   target  |  Count  | Pipelined|
        +--------------------+---------+---------+----------+-----------+-----------+---------+----------+
        |- VITIS_LOOP_881_2  |        7|      187|         8|          1|          1|  1 ~ 181|       yes|
        +--------------------+---------+---------+----------+-----------+-----------+---------+----------+



================================================================
== Utilization Estimates
================================================================
* Summary: 
+-----------------+---------+-----+--------+-------+-----+
|       Name      | BRAM_18K| DSP |   FF   |  LUT  | URAM|
+-----------------+---------+-----+--------+-------+-----+
|DSP              |        -|    -|       -|      -|    -|
|Expression       |        -|    -|      17|   3446|    -|
|FIFO             |        -|    -|       -|      -|    -|
|Instance         |        -|    -|       -|      -|    -|
|Memory           |        -|    -|       -|      -|    -|
|Multiplexer      |        -|    -|       -|   1676|    -|
|Register         |        -|    -|    7035|   1664|    -|
+-----------------+---------+-----+--------+-------+-----+
|Total            |        0|    0|    7052|   6786|    0|
+-----------------+---------+-----+--------+-------+-----+
|Available        |      280|  220|  106400|  53200|    0|
+-----------------+---------+-----+--------+-------+-----+
|Utilization (%)  |        0|    0|       6|     12|    0|
+-----------------+---------+-----+--------+-------+-----+

+ Detail: 
    * Instance: 
    N/A

    * DSP: 
    N/A

    * Memory: 
    N/A

    * FIFO: 
    N/A

    * Expression: 
    +-----------------------------------+----------+----+----+----+------------+------------+
    |           Variable Name           | Operation| DSP| FF | LUT| Bitwidth P0| Bitwidth P1|
    +-----------------------------------+----------+----+----+----+------------+------------+
    |add_ln1030_10_fu_3752_p2           |         +|   0|   0|  12|          11|          11|
    |add_ln1030_11_fu_4578_p2           |         +|   0|   0|  12|          12|          12|
    |add_ln1030_12_fu_3961_p2           |         +|   0|   0|  12|          11|          11|
    |add_ln1030_13_fu_4803_p2           |         +|   0|   0|  12|          12|          12|
    |add_ln1030_14_fu_3975_p2           |         +|   0|   0|  12|          11|          11|
    |add_ln1030_15_fu_4816_p2           |         +|   0|   0|  12|          12|          12|
    |add_ln1030_1_fu_4089_p2            |         +|   0|   0|  12|          12|          12|
    |add_ln1030_2_fu_3268_p2            |         +|   0|   0|  12|          11|          11|
    |add_ln1030_3_fu_4102_p2            |         +|   0|   0|  12|          12|          12|
    |add_ln1030_4_fu_3498_p2            |         +|   0|   0|  12|          11|          11|
    |add_ln1030_5_fu_4327_p2            |         +|   0|   0|  12|          12|          12|
    |add_ln1030_6_fu_3512_p2            |         +|   0|   0|  12|          11|          11|
    |add_ln1030_7_fu_4340_p2            |         +|   0|   0|  12|          12|          12|
    |add_ln1030_8_fu_3738_p2            |         +|   0|   0|  12|          11|          11|
    |add_ln1030_9_fu_4565_p2            |         +|   0|   0|  12|          12|          12|
    |add_ln1030_fu_3254_p2              |         +|   0|   0|  12|          11|          11|
    |add_ln1033_1_fu_3534_p2            |         +|   0|   0|  12|          12|          12|
    |add_ln1033_2_fu_3766_p2            |         +|   0|   0|  12|          12|          12|
    |add_ln1033_3_fu_3989_p2            |         +|   0|   0|  12|          12|          12|
    |add_ln1033_fu_3290_p2              |         +|   0|   0|  12|          12|          12|
    |add_ln1034_1_fu_3558_p2            |         +|   0|   0|  12|          12|          12|
    |add_ln1034_2_fu_3781_p2            |         +|   0|   0|  12|          12|          12|
    |add_ln1034_3_fu_4004_p2            |         +|   0|   0|  12|          12|          12|
    |add_ln1034_fu_3314_p2              |         +|   0|   0|  12|          12|          12|
    |add_ln1039_1_fu_3580_p2            |         +|   0|   0|  12|          12|          12|
    |add_ln1039_2_fu_3803_p2            |         +|   0|   0|  12|          12|          12|
    |add_ln1039_3_fu_4026_p2            |         +|   0|   0|  12|          12|          12|
    |add_ln1039_fu_3336_p2              |         +|   0|   0|  12|          12|          12|
    |add_ln1040_1_fu_3604_p2            |         +|   0|   0|  12|          12|          12|
    |add_ln1040_2_fu_3827_p2            |         +|   0|   0|  12|          12|          12|
    |add_ln1040_3_fu_4050_p2            |         +|   0|   0|  12|          12|          12|
    |add_ln1040_fu_3360_p2              |         +|   0|   0|  12|          12|          12|
    |add_ln886_fu_1716_p2               |         +|   0|   0|  15|           8|           1|
    |out_x_fu_1726_p2                   |         +|   0|   0|  12|          11|           4|
    |x_7_fu_1764_p2                     |         +|   0|   0|  13|          10|           3|
    |ap_frp_data_req_imgRB              |         -|   0|  17|   7|           3|           1|
    |b_11_fu_5100_p2                    |         -|   0|   0|  17|          14|          14|
    |b_16_fu_5534_p2                    |         -|   0|   0|  17|          14|          14|
    |b_19_fu_5751_p2                    |         -|   0|   0|  17|          14|          14|
    |b_fu_5317_p2                       |         -|   0|   0|  17|          14|          14|
    |r_11_fu_5084_p2                    |         -|   0|   0|  17|          14|          14|
    |r_18_fu_5518_p2                    |         -|   0|   0|  17|          14|          14|
    |r_22_fu_5735_p2                    |         -|   0|   0|  17|          14|          14|
    |r_fu_5301_p2                       |         -|   0|   0|  17|          14|          14|
    |sub_ln1023_1_fu_2780_p2            |         -|   0|   0|  12|          11|          11|
    |sub_ln1023_2_fu_2848_p2            |         -|   0|   0|  12|          11|          11|
    |sub_ln1023_3_fu_2912_p2            |         -|   0|   0|  12|          11|          11|
    |sub_ln1023_fu_2708_p2              |         -|   0|   0|  12|          11|          11|
    |sub_ln1024_1_fu_2798_p2            |         -|   0|   0|  12|          11|          11|
    |sub_ln1024_2_fu_2866_p2            |         -|   0|   0|  12|          11|          11|
    |sub_ln1024_3_fu_2930_p2            |         -|   0|   0|  12|          11|          11|
    |sub_ln1024_fu_2726_p2              |         -|   0|   0|  12|          11|          11|
    |sub_ln1025_1_fu_2816_p2            |         -|   0|   0|  12|          11|          11|
    |sub_ln1025_2_fu_2880_p2            |         -|   0|   0|  12|          11|          11|
    |sub_ln1025_3_fu_2944_p2            |         -|   0|   0|  12|          11|          11|
    |sub_ln1025_fu_2744_p2              |         -|   0|   0|  12|          11|          11|
    |sub_ln1026_1_fu_2834_p2            |         -|   0|   0|  12|          11|          11|
    |sub_ln1026_2_fu_2898_p2            |         -|   0|   0|  12|          11|          11|
    |sub_ln1026_3_fu_2962_p2            |         -|   0|   0|  12|          11|          11|
    |sub_ln1026_fu_2762_p2              |         -|   0|   0|  12|          11|          11|
    |sub_ln1027_1_fu_3450_p2            |         -|   0|   0|  12|          11|          11|
    |sub_ln1027_2_fu_3690_p2            |         -|   0|   0|  12|          11|          11|
    |sub_ln1027_3_fu_3913_p2            |         -|   0|   0|  12|          11|          11|
    |sub_ln1027_fu_3206_p2              |         -|   0|   0|  12|          11|          11|
    |sub_ln1028_1_fu_3474_p2            |         -|   0|   0|  12|          11|          11|
    |sub_ln1028_2_fu_3714_p2            |         -|   0|   0|  12|          11|          11|
    |sub_ln1028_3_fu_3937_p2            |         -|   0|   0|  12|          11|          11|
    |sub_ln1028_fu_3230_p2              |         -|   0|   0|  12|          11|          11|
    |sub_ln1033_10_fu_4613_p2           |         -|   0|   0|  14|           1|          13|
    |sub_ln1033_11_fu_3981_p2           |         -|   0|   0|  12|          11|          11|
    |sub_ln1033_12_fu_4828_p2           |         -|   0|   0|  12|           1|          12|
    |sub_ln1033_13_fu_4851_p2           |         -|   0|   0|  14|           1|          13|
    |sub_ln1033_1_fu_3278_p2            |         -|   0|   0|  12|          11|          11|
    |sub_ln1033_2_fu_4114_p2            |         -|   0|   0|  12|           1|          12|
    |sub_ln1033_3_fu_4137_p2            |         -|   0|   0|  14|           1|          13|
    |sub_ln1033_4_fu_3518_p2            |         -|   0|   0|  12|          11|          11|
    |sub_ln1033_5_fu_3522_p2            |         -|   0|   0|  12|          11|          11|
    |sub_ln1033_6_fu_4352_p2            |         -|   0|   0|  12|           1|          12|
    |sub_ln1033_7_fu_4375_p2            |         -|   0|   0|  14|           1|          13|
    |sub_ln1033_8_fu_3758_p2            |         -|   0|   0|  12|          11|          11|
    |sub_ln1033_9_fu_4590_p2            |         -|   0|   0|  12|           1|          12|
    |sub_ln1033_fu_3274_p2              |         -|   0|   0|  12|          11|          11|
    |sub_ln1034_10_fu_4642_p2           |         -|   0|   0|  14|           1|          13|
    |sub_ln1034_11_fu_3995_p2           |         -|   0|   0|  12|          11|          11|
    |sub_ln1034_12_fu_4857_p2           |         -|   0|   0|  12|           1|          12|
    |sub_ln1034_13_fu_4880_p2           |         -|   0|   0|  14|           1|          13|
    |sub_ln1034_1_fu_3301_p2            |         -|   0|   0|  12|          11|          11|
    |sub_ln1034_2_fu_4143_p2            |         -|   0|   0|  12|           1|          12|
    |sub_ln1034_3_fu_4166_p2            |         -|   0|   0|  14|           1|          13|
    |sub_ln1034_4_fu_3540_p2            |         -|   0|   0|  12|          11|          11|
    |sub_ln1034_5_fu_3545_p2            |         -|   0|   0|  12|          11|          11|
    |sub_ln1034_6_fu_4381_p2            |         -|   0|   0|  12|           1|          12|
    |sub_ln1034_7_fu_4404_p2            |         -|   0|   0|  14|           1|          13|
    |sub_ln1034_8_fu_3772_p2            |         -|   0|   0|  12|          11|          11|
    |sub_ln1034_9_fu_4619_p2            |         -|   0|   0|  12|           1|          12|
    |sub_ln1034_fu_3296_p2              |         -|   0|   0|  12|          11|          11|
    |sub_ln1039_10_fu_4655_p2           |         -|   0|   0|  12|           1|          12|
    |sub_ln1039_11_fu_4678_p2           |         -|   0|   0|  14|           1|          13|
    |sub_ln1039_12_fu_4010_p2           |         -|   0|   0|  12|          11|          11|
    |sub_ln1039_13_fu_4014_p2           |         -|   0|   0|  12|          11|          11|
    |sub_ln1039_14_fu_4893_p2           |         -|   0|   0|  12|           1|          12|
    |sub_ln1039_15_fu_4916_p2           |         -|   0|   0|  14|           1|          13|
    |sub_ln1039_1_fu_3324_p2            |         -|   0|   0|  12|          11|          11|
    |sub_ln1039_2_fu_4179_p2            |         -|   0|   0|  12|           1|          12|
    |sub_ln1039_3_fu_4202_p2            |         -|   0|   0|  14|           1|          13|
    |sub_ln1039_4_fu_3564_p2            |         -|   0|   0|  12|          11|          11|
    |sub_ln1039_5_fu_3568_p2            |         -|   0|   0|  12|          11|          11|
    |sub_ln1039_6_fu_4417_p2            |         -|   0|   0|  12|           1|          12|
    |sub_ln1039_7_fu_4440_p2            |         -|   0|   0|  14|           1|          13|
    |sub_ln1039_8_fu_3787_p2            |         -|   0|   0|  12|          11|          11|
    |sub_ln1039_9_fu_3791_p2            |         -|   0|   0|  12|          11|          11|
    |sub_ln1039_fu_3320_p2              |         -|   0|   0|  12|          11|          11|
    |sub_ln1040_10_fu_4716_p2           |         -|   0|   0|  12|           1|          12|
    |sub_ln1040_11_fu_4739_p2           |         -|   0|   0|  14|           1|          13|
    |sub_ln1040_12_fu_4032_p2           |         -|   0|   0|  12|          11|          11|
    |sub_ln1040_13_fu_4037_p2           |         -|   0|   0|  12|          11|          11|
    |sub_ln1040_14_fu_4954_p2           |         -|   0|   0|  12|           1|          12|
    |sub_ln1040_15_fu_4977_p2           |         -|   0|   0|  14|           1|          13|
    |sub_ln1040_1_fu_3347_p2            |         -|   0|   0|  12|          11|          11|
    |sub_ln1040_2_fu_4240_p2            |         -|   0|   0|  12|           1|          12|
    |sub_ln1040_3_fu_4263_p2            |         -|   0|   0|  14|           1|          13|
    |sub_ln1040_4_fu_3586_p2            |         -|   0|   0|  12|          11|          11|
    |sub_ln1040_5_fu_3591_p2            |         -|   0|   0|  12|          11|          11|
    |sub_ln1040_6_fu_4478_p2            |         -|   0|   0|  12|           1|          12|
    |sub_ln1040_7_fu_4501_p2            |         -|   0|   0|  14|           1|          13|
    |sub_ln1040_8_fu_3809_p2            |         -|   0|   0|  12|          11|          11|
    |sub_ln1040_9_fu_3814_p2            |         -|   0|   0|  12|          11|          11|
    |sub_ln1040_fu_3342_p2              |         -|   0|   0|  12|          11|          11|
    |sub_ln61_16_fu_3141_p2             |         -|   0|   0|  13|           1|          10|
    |sub_ln61_17_fu_3160_p2             |         -|   0|   0|  13|           1|          10|
    |sub_ln61_18_fu_3179_p2             |         -|   0|   0|  13|           1|          10|
    |sub_ln61_19_fu_3216_p2             |         -|   0|   0|  13|           1|          10|
    |sub_ln61_20_fu_3240_p2             |         -|   0|   0|  13|           1|          10|
    |sub_ln61_21_fu_3366_p2             |         -|   0|   0|  13|           1|          10|
    |sub_ln61_22_fu_3385_p2             |         -|   0|   0|  13|           1|          10|
    |sub_ln61_23_fu_3404_p2             |         -|   0|   0|  13|           1|          10|
    |sub_ln61_24_fu_3423_p2             |         -|   0|   0|  13|           1|          10|
    |sub_ln61_25_fu_3460_p2             |         -|   0|   0|  13|           1|          10|
    |sub_ln61_26_fu_3484_p2             |         -|   0|   0|  13|           1|          10|
    |sub_ln61_27_fu_3610_p2             |         -|   0|   0|  13|           1|          10|
    |sub_ln61_28_fu_3629_p2             |         -|   0|   0|  13|           1|          10|
    |sub_ln61_29_fu_3648_p2             |         -|   0|   0|  13|           1|          10|
    |sub_ln61_30_fu_3667_p2             |         -|   0|   0|  13|           1|          10|
    |sub_ln61_31_fu_3700_p2             |         -|   0|   0|  13|           1|          10|
    |sub_ln61_32_fu_3724_p2             |         -|   0|   0|  13|           1|          10|
    |sub_ln61_33_fu_3833_p2             |         -|   0|   0|  13|           1|          10|
    |sub_ln61_34_fu_3852_p2             |         -|   0|   0|  13|           1|          10|
    |sub_ln61_35_fu_3871_p2             |         -|   0|   0|  13|           1|          10|
    |sub_ln61_36_fu_3890_p2             |         -|   0|   0|  13|           1|          10|
    |sub_ln61_37_fu_3923_p2             |         -|   0|   0|  13|           1|          10|
    |sub_ln61_38_fu_3947_p2             |         -|   0|   0|  13|           1|          10|
    |sub_ln61_fu_3122_p2                |         -|   0|   0|  13|           1|          10|
    |and_ln1043_1_fu_5429_p2            |       and|   0|   0|   2|           1|           1|
    |and_ln1043_2_fu_5646_p2            |       and|   0|   0|   2|           1|           1|
    |and_ln1043_3_fu_5863_p2            |       and|   0|   0|   2|           1|           1|
    |and_ln1043_fu_5212_p2              |       and|   0|   0|   2|           1|           1|
    |and_ln1052_fu_1758_p2              |       and|   0|   0|   2|           1|           1|
    |ap_block_pp0                       |       and|   0|   0|   2|           1|           1|
    |ap_block_state2_pp0_stage0_iter1   |       and|   0|   0|   2|           1|           1|
    |ap_block_state8_pp0_stage0_iter7   |       and|   0|   0|   2|           1|           1|
    |ap_condition_1259                  |       and|   0|   0|   2|           1|           1|
    |ap_condition_4313                  |       and|   0|   0|   2|           1|           1|
    |ap_condition_4325                  |       and|   0|   0|   2|           1|           1|
    |ap_condition_4328                  |       and|   0|   0|   2|           1|           1|
    |ap_condition_frp_pvb_pf_start      |       and|   0|   0|   2|           1|           1|
    |ap_enable_state2_pp0_iter1_stage0  |       and|   0|   0|   2|           1|           1|
    |ap_enable_state3_pp0_iter2_stage0  |       and|   0|   0|   2|           1|           1|
    |ap_enable_state4_pp0_iter3_stage0  |       and|   0|   0|   2|           1|           1|
    |ap_predicate_op160_load_state2     |       and|   0|   0|   2|           1|           1|
    |ap_predicate_op162_read_state2     |       and|   0|   0|   2|           1|           1|
    |ap_predicate_op179_load_state3     |       and|   0|   0|   2|           1|           1|
    |ap_predicate_op206_store_state3    |       and|   0|   0|   2|           1|           1|
    |ap_predicate_op314_store_state4    |       and|   0|   0|   2|           1|           1|
    |pf_all_done                        |       and|   0|   0|   2|           1|           0|
    |cmp161_i_fu_1738_p2                |      icmp|   0|   0|  13|          10|           1|
    |icmp_ln1030_1_fu_4346_p2           |      icmp|   0|   0|  12|          12|          12|
    |icmp_ln1030_2_fu_4584_p2           |      icmp|   0|   0|  12|          12|          12|
    |icmp_ln1030_3_fu_4822_p2           |      icmp|   0|   0|  12|          12|          12|
    |icmp_ln1030_fu_4108_p2             |      icmp|   0|   0|  12|          12|          12|
    |icmp_ln1042_1_fu_5349_p2           |      icmp|   0|   0|  13|           4|           1|
    |icmp_ln1042_2_fu_5566_p2           |      icmp|   0|   0|  13|           4|           1|
    |icmp_ln1042_3_fu_5783_p2           |      icmp|   0|   0|  13|           4|           1|
    |icmp_ln1042_fu_5132_p2             |      icmp|   0|   0|  13|           4|           1|
    |icmp_ln1043_1_fu_5401_p2           |      icmp|   0|   0|  13|           4|           1|
    |icmp_ln1043_2_fu_5618_p2           |      icmp|   0|   0|  13|           4|           1|
    |icmp_ln1043_3_fu_5835_p2           |      icmp|   0|   0|  13|           4|           1|
    |icmp_ln1043_fu_5184_p2             |      icmp|   0|   0|  13|           4|           1|
    |icmp_ln881_fu_1710_p2              |      icmp|   0|   0|  15|           8|           8|
    |icmp_ln891_fu_1732_p2              |      icmp|   0|   0|  13|          10|          10|
    |or_ln1042_1_fu_5369_p2             |        or|   0|   0|   2|           1|           1|
    |or_ln1042_2_fu_5586_p2             |        or|   0|   0|   2|           1|           1|
    |or_ln1042_3_fu_5803_p2             |        or|   0|   0|   2|           1|           1|
    |or_ln1042_fu_5152_p2               |        or|   0|   0|   2|           1|           1|
    |DBh_1_fu_4301_p3                   |    select|   0|   0|  10|           1|          10|
    |DBh_2_fu_4539_p3                   |    select|   0|   0|  10|           1|          10|
    |DBh_3_fu_4777_p3                   |    select|   0|   0|  10|           1|          10|
    |DBh_fu_4063_p3                     |    select|   0|   0|  10|           1|          10|
    |DBv_1_fu_4314_p3                   |    select|   0|   0|  10|           1|          10|
    |DBv_2_fu_4552_p3                   |    select|   0|   0|  10|           1|          10|
    |DBv_3_fu_4790_p3                   |    select|   0|   0|  10|           1|          10|
    |DBv_fu_4076_p3                     |    select|   0|   0|  10|           1|          10|
    |DGh_1_fu_3416_p3                   |    select|   0|   0|  10|           1|          10|
    |DGh_2_fu_3660_p3                   |    select|   0|   0|  10|           1|          10|
    |DGh_3_fu_3883_p3                   |    select|   0|   0|  10|           1|          10|
    |DGh_fu_3172_p3                     |    select|   0|   0|  10|           1|          10|
    |DGv_1_fu_3435_p3                   |    select|   0|   0|  10|           1|          10|
    |DGv_2_fu_3679_p3                   |    select|   0|   0|  10|           1|          10|
    |DGv_3_fu_3902_p3                   |    select|   0|   0|  10|           1|          10|
    |DGv_fu_3191_p3                     |    select|   0|   0|  10|           1|          10|
    |DRh_1_fu_3378_p3                   |    select|   0|   0|  10|           1|          10|
    |DRh_2_fu_3622_p3                   |    select|   0|   0|  10|           1|          10|
    |DRh_3_fu_3845_p3                   |    select|   0|   0|  10|           1|          10|
    |DRh_fu_3134_p3                     |    select|   0|   0|  10|           1|          10|
    |DRv_1_fu_3397_p3                   |    select|   0|   0|  10|           1|          10|
    |DRv_2_fu_3641_p3                   |    select|   0|   0|  10|           1|          10|
    |DRv_3_fu_3864_p3                   |    select|   0|   0|  10|           1|          10|
    |DRv_fu_3153_p3                     |    select|   0|   0|  10|           1|          10|
    |PixBufVal_12_fu_2632_p3            |    select|   0|   0|  10|           1|          10|
    |PixBufVal_13_fu_2626_p3            |    select|   0|   0|  10|           1|          10|
    |PixBufVal_14_fu_2620_p3            |    select|   0|   0|  10|           1|          10|
    |PixBufVal_15_fu_2614_p3            |    select|   0|   0|  10|           1|          10|
    |PixBufVal_16_fu_2608_p3            |    select|   0|   0|  10|           1|          10|
    |PixBufVal_17_fu_2602_p3            |    select|   0|   0|  10|           1|          10|
    |PixBufVal_18_fu_2596_p3            |    select|   0|   0|  10|           1|          10|
    |PixBufVal_19_fu_2590_p3            |    select|   0|   0|  10|           1|          10|
    |PixBufVal_20_fu_2584_p3            |    select|   0|   0|  10|           1|          10|
    |PixBufVal_21_fu_2578_p3            |    select|   0|   0|  10|           1|          10|
    |PixBufVal_22_fu_2572_p3            |    select|   0|   0|  10|           1|          10|
    |PixBufVal_fu_2638_p3               |    select|   0|   0|  10|           1|          10|
    |b_12_fu_5217_p3                    |    select|   0|   0|  10|           1|           1|
    |b_14_fu_5434_p3                    |    select|   0|   0|  10|           1|           1|
    |b_17_fu_5651_p3                    |    select|   0|   0|  10|           1|           1|
    |b_20_fu_5868_p3                    |    select|   0|   0|  10|           1|           1|
    |r_12_fu_5158_p3                    |    select|   0|   0|  10|           1|          10|
    |r_13_fu_5198_p3                    |    select|   0|   0|  10|           1|          10|
    |r_15_fu_5375_p3                    |    select|   0|   0|  10|           1|          10|
    |r_16_fu_5415_p3                    |    select|   0|   0|  10|           1|          10|
    |r_19_fu_5592_p3                    |    select|   0|   0|  10|           1|          10|
    |r_20_fu_5632_p3                    |    select|   0|   0|  10|           1|          10|
    |r_23_fu_5809_p3                    |    select|   0|   0|  10|           1|          10|
    |r_24_fu_5849_p3                    |    select|   0|   0|  10|           1|          10|
    |sel_tmp15_i_fu_5639_p3             |    select|   0|   0|  10|           1|          10|
    |sel_tmp1_i_fu_5205_p3              |    select|   0|   0|  10|           1|          10|
    |sel_tmp22_i_fu_5856_p3             |    select|   0|   0|  10|           1|          10|
    |sel_tmp8_i_fu_5422_p3              |    select|   0|   0|  10|           1|          10|
    |select_ln1030_1_fu_5090_p3         |    select|   0|   0|  13|           1|          13|
    |select_ln1030_2_fu_5291_p3         |    select|   0|   0|  13|           1|          13|
    |select_ln1030_3_fu_5307_p3         |    select|   0|   0|  13|           1|          13|
    |select_ln1030_4_fu_5508_p3         |    select|   0|   0|  13|           1|          13|
    |select_ln1030_5_fu_5524_p3         |    select|   0|   0|  13|           1|          13|
    |select_ln1030_6_fu_5725_p3         |    select|   0|   0|  13|           1|          13|
    |select_ln1030_7_fu_5741_p3         |    select|   0|   0|  13|           1|          13|
    |select_ln1030_fu_5074_p3           |    select|   0|   0|  13|           1|          13|
    |select_ln1033_1_fu_5249_p3         |    select|   0|   0|  13|           1|          13|
    |select_ln1033_2_fu_5466_p3         |    select|   0|   0|  13|           1|          13|
    |select_ln1033_3_fu_5683_p3         |    select|   0|   0|  13|           1|          13|
    |select_ln1033_fu_5032_p3           |    select|   0|   0|  13|           1|          13|
    |select_ln1034_1_fu_5284_p3         |    select|   0|   0|  13|           1|          13|
    |select_ln1034_2_fu_5501_p3         |    select|   0|   0|  13|           1|          13|
    |select_ln1034_3_fu_5718_p3         |    select|   0|   0|  13|           1|          13|
    |select_ln1034_fu_5067_p3           |    select|   0|   0|  13|           1|          13|
    |select_ln1039_1_fu_4463_p3         |    select|   0|   0|  13|           1|          13|
    |select_ln1039_2_fu_4701_p3         |    select|   0|   0|  13|           1|          13|
    |select_ln1039_3_fu_4939_p3         |    select|   0|   0|  13|           1|          13|
    |select_ln1039_fu_4225_p3           |    select|   0|   0|  13|           1|          13|
    |select_ln1040_1_fu_4524_p3         |    select|   0|   0|  13|           1|          13|
    |select_ln1040_2_fu_4762_p3         |    select|   0|   0|  13|           1|          13|
    |select_ln1040_3_fu_5000_p3         |    select|   0|   0|  13|           1|          13|
    |select_ln1040_fu_4286_p3           |    select|   0|   0|  13|           1|          13|
    |select_ln1042_2_fu_5361_p3         |    select|   0|   0|   2|           1|           2|
    |select_ln1042_4_fu_5578_p3         |    select|   0|   0|   2|           1|           2|
    |select_ln1042_6_fu_5795_p3         |    select|   0|   0|   2|           1|           2|
    |select_ln1042_fu_5144_p3           |    select|   0|   0|   2|           1|           2|
    |select_ln1043_2_fu_5407_p3         |    select|   0|   0|  10|           1|           2|
    |select_ln1043_4_fu_5624_p3         |    select|   0|   0|  10|           1|           2|
    |select_ln1043_6_fu_5841_p3         |    select|   0|   0|  10|           1|           2|
    |select_ln1043_fu_5190_p3           |    select|   0|   0|  10|           1|           2|
    |select_ln957_10_fu_2370_p3         |    select|   0|   0|  10|           1|          10|
    |select_ln957_11_fu_2377_p3         |    select|   0|   0|  10|           1|          10|
    |select_ln957_12_fu_2383_p3         |    select|   0|   0|  10|           1|          10|
    |select_ln957_13_fu_2390_p3         |    select|   0|   0|  10|           1|          10|
    |select_ln957_14_fu_2397_p3         |    select|   0|   0|  10|           1|          10|
    |select_ln957_15_fu_2403_p3         |    select|   0|   0|  10|           1|          10|
    |select_ln957_16_fu_2409_p3         |    select|   0|   0|  10|           1|          10|
    |select_ln957_17_fu_2416_p3         |    select|   0|   0|  10|           1|          10|
    |select_ln957_18_fu_2423_p3         |    select|   0|   0|  10|           1|          10|
    |select_ln957_19_fu_2429_p3         |    select|   0|   0|  10|           1|          10|
    |select_ln957_1_fu_2309_p3          |    select|   0|   0|  10|           1|          10|
    |select_ln957_20_fu_2436_p3         |    select|   0|   0|  10|           1|          10|
    |select_ln957_21_fu_2443_p3         |    select|   0|   0|  10|           1|          10|
    |select_ln957_22_fu_2449_p3         |    select|   0|   0|  10|           1|          10|
    |select_ln957_23_fu_2456_p3         |    select|   0|   0|  10|           1|          10|
    |select_ln957_24_fu_2463_p3         |    select|   0|   0|  10|           1|          10|
    |select_ln957_25_fu_2468_p3         |    select|   0|   0|  10|           1|          10|
    |select_ln957_26_fu_2474_p3         |    select|   0|   0|  10|           1|          10|
    |select_ln957_27_fu_2480_p3         |    select|   0|   0|  10|           1|          10|
    |select_ln957_28_fu_2487_p3         |    select|   0|   0|  10|           1|          10|
    |select_ln957_29_fu_2495_p3         |    select|   0|   0|  10|           1|          10|
    |select_ln957_2_fu_2316_p3          |    select|   0|   0|  10|           1|          10|
    |select_ln957_30_fu_2503_p3         |    select|   0|   0|  10|           1|          10|
    |select_ln957_31_fu_2510_p3         |    select|   0|   0|  10|           1|          10|
    |select_ln957_32_fu_2518_p3         |    select|   0|   0|  10|           1|          10|
    |select_ln957_33_fu_2526_p3         |    select|   0|   0|  10|           1|          10|
    |select_ln957_34_fu_2533_p3         |    select|   0|   0|  10|           1|          10|
    |select_ln957_35_fu_2541_p3         |    select|   0|   0|  10|           1|          10|
    |select_ln957_36_fu_2549_p3         |    select|   0|   0|  10|           1|          10|
    |select_ln957_37_fu_2556_p3         |    select|   0|   0|  10|           1|          10|
    |select_ln957_38_fu_2564_p3         |    select|   0|   0|  10|           1|          10|
    |select_ln957_3_fu_2323_p3          |    select|   0|   0|  10|           1|          10|
    |select_ln957_4_fu_2330_p3          |    select|   0|   0|  10|           1|          10|
    |select_ln957_5_fu_2337_p3          |    select|   0|   0|  10|           1|          10|
    |select_ln957_6_fu_2343_p3          |    select|   0|   0|  10|           1|          10|
    |select_ln957_7_fu_2350_p3          |    select|   0|   0|  10|           1|          10|
    |select_ln957_8_fu_2357_p3          |    select|   0|   0|  10|           1|          10|
    |select_ln957_9_fu_2363_p3          |    select|   0|   0|  10|           1|          10|
    |select_ln957_fu_2302_p3            |    select|   0|   0|  10|           1|          10|
    |ap_enable_pp0                      |       xor|   0|   0|   2|           1|           2|
    |xor_ln1042_1_fu_5355_p2            |       xor|   0|   0|   2|           1|           2|
    |xor_ln1042_2_fu_5572_p2            |       xor|   0|   0|   2|           1|           2|
    |xor_ln1042_3_fu_5789_p2            |       xor|   0|   0|   2|           1|           2|
    |xor_ln1042_fu_5138_p2              |       xor|   0|   0|   2|           1|           2|
    |xor_ln1052_fu_1752_p2              |       xor|   0|   0|   2|           1|           2|
    +-----------------------------------+----------+----+----+----+------------+------------+
    |Total                              |          |   0|  17|3446|        1411|        3023|
    +-----------------------------------+----------+----+----+----+------------+------------+

    * Multiplexer: 
    +-----------------------------------------+----+-----------+-----+-----------+
    |                   Name                  | LUT| Input Size| Bits| Total Bits|
    +-----------------------------------------+----+-----------+-----+-----------+
    |ap_frp_data_req_imgRB                    |   9|          2|    3|          6|
    |ap_phi_mux_down_10_phi_fu_1193_p4        |  14|          3|   10|         30|
    |ap_phi_mux_down_1_phi_fu_1175_p4         |  14|          3|   10|         30|
    |ap_phi_mux_down_3_phi_fu_1166_p4         |  14|          3|   10|         30|
    |ap_phi_mux_down_4_phi_fu_1157_p4         |  14|          3|   10|         30|
    |ap_phi_mux_down_6_phi_fu_1148_p4         |  14|          3|   10|         30|
    |ap_phi_mux_down_7_phi_fu_1139_p4         |  14|          3|   10|         30|
    |ap_phi_mux_down_9_phi_fu_1202_p4         |  14|          3|   10|         30|
    |ap_phi_mux_down_phi_fu_1184_p4           |  14|          3|   10|         30|
    |ap_phi_mux_left_1_phi_fu_1271_p4         |  14|          3|   10|         30|
    |ap_phi_mux_left_phi_fu_1280_p4           |  14|          3|   10|         30|
    |ap_phi_mux_pixWindow_265_phi_fu_1130_p4  |  14|          3|   10|         30|
    |ap_phi_mux_pixWindow_266_phi_fu_1121_p4  |  14|          3|   10|         30|
    |ap_phi_mux_pixWindow_267_phi_fu_1112_p4  |  14|          3|   10|         30|
    |ap_phi_mux_pixWindow_268_phi_fu_1103_p4  |  14|          3|   10|         30|
    |ap_phi_mux_pixWindow_269_phi_fu_1094_p4  |  14|          3|   10|         30|
    |ap_phi_mux_pixWindow_270_phi_fu_1085_p4  |  14|          3|   10|         30|
    |ap_phi_mux_pixWindow_271_phi_fu_1076_p4  |  14|          3|   10|         30|
    |ap_phi_mux_pixWindow_272_phi_fu_1067_p4  |  14|          3|   10|         30|
    |ap_phi_mux_pixWindow_273_phi_fu_1058_p4  |  14|          3|   10|         30|
    |ap_phi_mux_pixWindow_277_phi_fu_1021_p4  |  14|          3|   10|         30|
    |ap_phi_mux_pixWindow_278_phi_fu_1012_p4  |  14|          3|   10|         30|
    |ap_phi_mux_pixWindow_279_phi_fu_1003_p4  |  14|          3|   10|         30|
    |ap_phi_mux_pixWindow_280_phi_fu_994_p4   |  14|          3|   10|         30|
    |ap_phi_mux_pixWindow_281_phi_fu_985_p4   |  14|          3|   10|         30|
    |ap_phi_mux_pixWindow_282_phi_fu_976_p4   |  14|          3|   10|         30|
    |ap_phi_mux_pixWindow_283_phi_fu_966_p4   |  14|          3|   10|         30|
    |ap_phi_mux_pixWindow_284_phi_fu_956_p4   |  14|          3|   10|         30|
    |ap_phi_mux_pixWindow_285_phi_fu_946_p4   |  14|          3|   10|         30|
    |ap_phi_mux_pixWindow_286_phi_fu_936_p4   |  14|          3|   10|         30|
    |ap_phi_mux_pixWindow_287_phi_fu_926_p4   |  14|          3|   10|         30|
    |ap_phi_mux_pixWindow_288_phi_fu_916_p4   |  14|          3|   10|         30|
    |ap_phi_mux_pixWindow_289_phi_fu_906_p4   |  14|          3|   10|         30|
    |ap_phi_mux_pixWindow_290_phi_fu_896_p4   |  14|          3|   10|         30|
    |ap_phi_mux_pixWindow_291_phi_fu_886_p4   |  14|          3|   10|         30|
    |ap_phi_mux_pixWindow_292_phi_fu_1049_p4  |  14|          3|   10|         30|
    |ap_phi_mux_pixWindow_293_phi_fu_1040_p4  |  14|          3|   10|         30|
    |ap_phi_mux_pixWindow_294_phi_fu_1030_p4  |  14|          3|   10|         30|
    |ap_phi_mux_pix_28_phi_fu_1251_p4         |  14|          3|   10|         30|
    |ap_phi_mux_pix_phi_fu_1261_p4            |  14|          3|   10|         30|
    |ap_phi_mux_right_11_phi_fu_1221_p4       |  14|          3|   10|         30|
    |ap_phi_mux_right_12_phi_fu_1211_p4       |  14|          3|   10|         30|
    |ap_phi_mux_right_14_phi_fu_1309_p4       |  14|          3|   10|         30|
    |ap_phi_mux_right_15_phi_fu_1299_p4       |  14|          3|   10|         30|
    |ap_phi_mux_right_16_phi_fu_1289_p4       |  14|          3|   10|         30|
    |ap_phi_mux_right_9_phi_fu_1231_p4        |  14|          3|   10|         30|
    |ap_phi_mux_right_phi_fu_1241_p4          |  14|          3|   10|         30|
    |ap_phi_mux_up_10_phi_fu_1373_p4          |  14|          3|   10|         30|
    |ap_phi_mux_up_1_phi_fu_1355_p4           |  14|          3|   10|         30|
    |ap_phi_mux_up_3_phi_fu_1346_p4           |  14|          3|   10|         30|
    |ap_phi_mux_up_4_phi_fu_1337_p4           |  14|          3|   10|         30|
    |ap_phi_mux_up_6_phi_fu_1328_p4           |  14|          3|   10|         30|
    |ap_phi_mux_up_7_phi_fu_1319_p4           |  14|          3|   10|         30|
    |ap_phi_mux_up_9_phi_fu_1382_p4           |  14|          3|   10|         30|
    |ap_phi_mux_up_phi_fu_1364_p4             |  14|          3|   10|         30|
    |ap_phi_reg_pp0_iter2_pixBuf_151_reg_874  |   9|          2|   10|         20|
    |ap_phi_reg_pp0_iter2_pixBuf_152_reg_865  |   9|          2|   10|         20|
    |ap_phi_reg_pp0_iter2_pixBuf_153_reg_856  |   9|          2|   10|         20|
    |ap_phi_reg_pp0_iter2_pixBuf_154_reg_847  |   9|          2|   10|         20|
    |ap_phi_reg_pp0_iter2_pixBuf_155_reg_838  |   9|          2|   10|         20|
    |ap_phi_reg_pp0_iter2_pixBuf_156_reg_829  |   9|          2|   10|         20|
    |ap_phi_reg_pp0_iter2_pixBuf_157_reg_820  |   9|          2|   10|         20|
    |ap_phi_reg_pp0_iter2_pixBuf_158_reg_811  |   9|          2|   10|         20|
    |ap_phi_reg_pp0_iter2_pixBuf_159_reg_802  |   9|          2|   10|         20|
    |ap_phi_reg_pp0_iter2_pixBuf_160_reg_793  |   9|          2|   10|         20|
    |ap_phi_reg_pp0_iter2_pixBuf_161_reg_784  |   9|          2|   10|         20|
    |ap_phi_reg_pp0_iter2_pixBuf_162_reg_775  |   9|          2|   10|         20|
    |ap_phi_reg_pp0_iter3_pixBuf_151_reg_874  |   9|          2|   10|         20|
    |ap_phi_reg_pp0_iter3_pixBuf_152_reg_865  |   9|          2|   10|         20|
    |ap_phi_reg_pp0_iter3_pixBuf_153_reg_856  |   9|          2|   10|         20|
    |ap_phi_reg_pp0_iter3_pixBuf_154_reg_847  |   9|          2|   10|         20|
    |ap_phi_reg_pp0_iter3_pixBuf_155_reg_838  |   9|          2|   10|         20|
    |ap_phi_reg_pp0_iter3_pixBuf_156_reg_829  |   9|          2|   10|         20|
    |ap_phi_reg_pp0_iter3_pixBuf_157_reg_820  |   9|          2|   10|         20|
    |ap_phi_reg_pp0_iter3_pixBuf_158_reg_811  |   9|          2|   10|         20|
    |ap_phi_reg_pp0_iter3_pixBuf_159_reg_802  |   9|          2|   10|         20|
    |ap_phi_reg_pp0_iter3_pixBuf_160_reg_793  |   9|          2|   10|         20|
    |ap_phi_reg_pp0_iter3_pixBuf_161_reg_784  |   9|          2|   10|         20|
    |ap_phi_reg_pp0_iter3_pixBuf_162_reg_775  |   9|          2|   10|         20|
    |ap_phi_reg_pp0_iter4_down_11_reg_1415    |  14|          3|   10|         30|
    |ap_phi_reg_pp0_iter4_down_2_reg_1406     |  14|          3|   10|         30|
    |ap_phi_reg_pp0_iter4_down_5_reg_1397     |  14|          3|   10|         30|
    |ap_phi_reg_pp0_iter4_down_8_reg_1388     |  14|          3|   10|         30|
    |ap_phi_reg_pp0_iter4_left_2_reg_1454     |  14|          3|   10|         30|
    |ap_phi_reg_pp0_iter4_pix_29_reg_1444     |  14|          3|   10|         30|
    |ap_phi_reg_pp0_iter4_right_10_reg_1434   |  14|          3|   10|         30|
    |ap_phi_reg_pp0_iter4_right_13_reg_1424   |  14|          3|   10|         30|
    |ap_phi_reg_pp0_iter4_up_11_reg_1490      |  14|          3|   10|         30|
    |ap_phi_reg_pp0_iter4_up_2_reg_1481       |  14|          3|   10|         30|
    |ap_phi_reg_pp0_iter4_up_5_reg_1472       |  14|          3|   10|         30|
    |ap_phi_reg_pp0_iter4_up_8_reg_1463       |  14|          3|   10|         30|
    |ap_sig_allocacmp_x_6                     |   9|          2|   10|         20|
    |ap_sig_allocacmp_z_2                     |   9|          2|    8|         16|
    |p_0_0_0_0_01166_31938_i_fu_338           |   9|          2|   10|         20|
    |p_0_1_0_0_01167_31941_i_fu_342           |   9|          2|   10|         20|
    |p_0_2_0_0_01168_31944_i_fu_346           |   9|          2|   10|         20|
    |pixBuf_86_fu_306                         |   9|          2|   10|         20|
    |pixBuf_87_fu_310                         |   9|          2|   10|         20|
    |pixBuf_88_fu_314                         |   9|          2|   10|         20|
    |pixBuf_89_fu_318                         |   9|          2|   10|         20|
    |pixBuf_90_fu_322                         |   9|          2|   10|         20|
    |pixBuf_91_fu_326                         |   9|          2|   10|         20|
    |pixBuf_92_fu_330                         |   9|          2|   10|         20|
    |pixBuf_93_fu_334                         |   9|          2|   10|         20|
    |pixBuf_fu_302                            |   9|          2|   10|         20|
    |pixWindow_167_fu_354                     |   9|          2|   10|         20|
    |pixWindow_168_fu_358                     |   9|          2|   10|         20|
    |pixWindow_169_fu_362                     |   9|          2|   10|         20|
    |pixWindow_170_fu_366                     |   9|          2|   10|         20|
    |pixWindow_171_fu_370                     |   9|          2|   10|         20|
    |pixWindow_172_fu_374                     |   9|          2|   10|         20|
    |pixWindow_173_fu_378                     |   9|          2|   10|         20|
    |pixWindow_174_fu_382                     |   9|          2|   10|         20|
    |pixWindow_175_fu_386                     |   9|          2|   10|         20|
    |pixWindow_176_fu_390                     |   9|          2|   10|         20|
    |pixWindow_177_fu_394                     |   9|          2|   10|         20|
    |pixWindow_178_fu_398                     |   9|          2|   10|         20|
    |pixWindow_179_fu_402                     |   9|          2|   10|         20|
    |pixWindow_180_fu_406                     |   9|          2|   10|         20|
    |pixWindow_181_fu_410                     |   9|          2|   10|         20|
    |pixWindow_182_fu_414                     |   9|          2|   10|         20|
    |pixWindow_183_fu_418                     |   9|          2|   10|         20|
    |pixWindow_184_fu_422                     |   9|          2|   10|         20|
    |pixWindow_185_fu_426                     |   9|          2|   10|         20|
    |pixWindow_186_fu_430                     |   9|          2|   10|         20|
    |pixWindow_187_fu_434                     |   9|          2|   10|         20|
    |pixWindow_188_fu_438                     |   9|          2|   10|         20|
    |pixWindow_189_fu_442                     |   9|          2|   10|         20|
    |pixWindow_190_fu_446                     |   9|          2|   10|         20|
    |pixWindow_191_fu_450                     |   9|          2|   10|         20|
    |pixWindow_192_fu_454                     |   9|          2|   10|         20|
    |pixWindow_294_reg_1027                   |  14|          3|   10|         30|
    |pixWindow_fu_350                         |   9|          2|   10|         20|
    |pix_28_reg_1248                          |  14|          3|   10|         30|
    |pix_reg_1258                             |  14|          3|   10|         30|
    |right_11_reg_1218                        |  14|          3|   10|         30|
    |right_12_reg_1208                        |  14|          3|   10|         30|
    |right_14_reg_1306                        |  14|          3|   10|         30|
    |right_15_reg_1296                        |  14|          3|   10|         30|
    |right_16_reg_1286                        |  14|          3|   10|         30|
    |right_9_reg_1228                         |  14|          3|   10|         30|
    |right_reg_1238                           |  14|          3|   10|         30|
    |x_fu_294                                 |   9|          2|   10|         20|
    |z_fu_298                                 |   9|          2|    8|         16|
    +-----------------------------------------+----+-----------+-----+-----------+
    |Total                                    |1676|        364| 1429|       3618|
    +-----------------------------------------+----+-----------+-----+-----------+

    * Register: 
    +--------------------------------------------+-----+----+-----+-----------+
    |                    Name                    |  FF | LUT| Bits| Const Bits|
    +--------------------------------------------+-----+----+-----+-----------+
    |InPix_reg_6491                              |  120|   0|  120|          0|
    |add_ln1030_10_reg_7494                      |   11|   0|   11|          0|
    |add_ln1030_12_reg_7557                      |   11|   0|   11|          0|
    |add_ln1030_14_reg_7562                      |   11|   0|   11|          0|
    |add_ln1030_2_reg_7358                       |   11|   0|   11|          0|
    |add_ln1030_4_reg_7421                       |   11|   0|   11|          0|
    |add_ln1030_6_reg_7426                       |   11|   0|   11|          0|
    |add_ln1030_8_reg_7489                       |   11|   0|   11|          0|
    |add_ln1030_reg_7353                         |   11|   0|   11|          0|
    |add_ln1033_1_reg_7431                       |   12|   0|   12|          0|
    |add_ln1033_1_reg_7431_pp0_iter5_reg         |   12|   0|   12|          0|
    |add_ln1033_2_reg_7499                       |   12|   0|   12|          0|
    |add_ln1033_2_reg_7499_pp0_iter5_reg         |   12|   0|   12|          0|
    |add_ln1033_3_reg_7567                       |   12|   0|   12|          0|
    |add_ln1033_3_reg_7567_pp0_iter5_reg         |   12|   0|   12|          0|
    |add_ln1033_reg_7363                         |   12|   0|   12|          0|
    |add_ln1033_reg_7363_pp0_iter5_reg           |   12|   0|   12|          0|
    |add_ln1034_1_reg_7438                       |   12|   0|   12|          0|
    |add_ln1034_1_reg_7438_pp0_iter5_reg         |   12|   0|   12|          0|
    |add_ln1034_2_reg_7506                       |   12|   0|   12|          0|
    |add_ln1034_2_reg_7506_pp0_iter5_reg         |   12|   0|   12|          0|
    |add_ln1034_3_reg_7574                       |   12|   0|   12|          0|
    |add_ln1034_3_reg_7574_pp0_iter5_reg         |   12|   0|   12|          0|
    |add_ln1034_reg_7370                         |   12|   0|   12|          0|
    |add_ln1034_reg_7370_pp0_iter5_reg           |   12|   0|   12|          0|
    |add_ln1039_1_reg_7445                       |   12|   0|   12|          0|
    |add_ln1039_2_reg_7513                       |   12|   0|   12|          0|
    |add_ln1039_3_reg_7581                       |   12|   0|   12|          0|
    |add_ln1039_reg_7377                         |   12|   0|   12|          0|
    |add_ln1040_1_reg_7452                       |   12|   0|   12|          0|
    |add_ln1040_2_reg_7520                       |   12|   0|   12|          0|
    |add_ln1040_3_reg_7588                       |   12|   0|   12|          0|
    |add_ln1040_reg_7384                         |   12|   0|   12|          0|
    |add_ln886_reg_6423                          |    8|   0|    8|          0|
    |and_ln1052_reg_6475                         |    1|   0|    1|          0|
    |ap_CS_fsm                                   |    1|   0|    1|          0|
    |ap_frp_data_req_imgRB                       |    3|   0|    3|          0|
    |ap_loop_exit_ready_pp0_iter1_reg            |    1|   0|    1|          0|
    |ap_loop_exit_ready_pp0_iter2_reg            |    1|   0|    1|          0|
    |ap_loop_exit_ready_pp0_iter3_reg            |    1|   0|    1|          0|
    |ap_loop_exit_ready_pp0_iter4_reg            |    1|   0|    1|          0|
    |ap_loop_exit_ready_pp0_iter5_reg            |    1|   0|    1|          0|
    |ap_loop_exit_ready_pp0_iter6_reg            |    1|   0|    1|          0|
    |ap_phi_reg_pp0_iter1_down_11_reg_1415       |   10|   0|   10|          0|
    |ap_phi_reg_pp0_iter1_down_2_reg_1406        |   10|   0|   10|          0|
    |ap_phi_reg_pp0_iter1_down_5_reg_1397        |   10|   0|   10|          0|
    |ap_phi_reg_pp0_iter1_down_8_reg_1388        |   10|   0|   10|          0|
    |ap_phi_reg_pp0_iter1_left_2_reg_1454        |   10|   0|   10|          0|
    |ap_phi_reg_pp0_iter1_pixBuf_151_reg_874     |   10|   0|   10|          0|
    |ap_phi_reg_pp0_iter1_pixBuf_152_reg_865     |   10|   0|   10|          0|
    |ap_phi_reg_pp0_iter1_pixBuf_153_reg_856     |   10|   0|   10|          0|
    |ap_phi_reg_pp0_iter1_pixBuf_154_reg_847     |   10|   0|   10|          0|
    |ap_phi_reg_pp0_iter1_pixBuf_155_reg_838     |   10|   0|   10|          0|
    |ap_phi_reg_pp0_iter1_pixBuf_156_reg_829     |   10|   0|   10|          0|
    |ap_phi_reg_pp0_iter1_pixBuf_157_reg_820     |   10|   0|   10|          0|
    |ap_phi_reg_pp0_iter1_pixBuf_158_reg_811     |   10|   0|   10|          0|
    |ap_phi_reg_pp0_iter1_pixBuf_159_reg_802     |   10|   0|   10|          0|
    |ap_phi_reg_pp0_iter1_pixBuf_160_reg_793     |   10|   0|   10|          0|
    |ap_phi_reg_pp0_iter1_pixBuf_161_reg_784     |   10|   0|   10|          0|
    |ap_phi_reg_pp0_iter1_pixBuf_162_reg_775     |   10|   0|   10|          0|
    |ap_phi_reg_pp0_iter1_pix_29_reg_1444        |   10|   0|   10|          0|
    |ap_phi_reg_pp0_iter1_right_10_reg_1434      |   10|   0|   10|          0|
    |ap_phi_reg_pp0_iter1_right_13_reg_1424      |   10|   0|   10|          0|
    |ap_phi_reg_pp0_iter1_up_11_reg_1490         |   10|   0|   10|          0|
    |ap_phi_reg_pp0_iter1_up_2_reg_1481          |   10|   0|   10|          0|
    |ap_phi_reg_pp0_iter1_up_5_reg_1472          |   10|   0|   10|          0|
    |ap_phi_reg_pp0_iter1_up_8_reg_1463          |   10|   0|   10|          0|
    |ap_phi_reg_pp0_iter2_down_11_reg_1415       |   10|   0|   10|          0|
    |ap_phi_reg_pp0_iter2_down_2_reg_1406        |   10|   0|   10|          0|
    |ap_phi_reg_pp0_iter2_down_5_reg_1397        |   10|   0|   10|          0|
    |ap_phi_reg_pp0_iter2_down_8_reg_1388        |   10|   0|   10|          0|
    |ap_phi_reg_pp0_iter2_left_2_reg_1454        |   10|   0|   10|          0|
    |ap_phi_reg_pp0_iter2_pixBuf_151_reg_874     |   10|   0|   10|          0|
    |ap_phi_reg_pp0_iter2_pixBuf_152_reg_865     |   10|   0|   10|          0|
    |ap_phi_reg_pp0_iter2_pixBuf_153_reg_856     |   10|   0|   10|          0|
    |ap_phi_reg_pp0_iter2_pixBuf_154_reg_847     |   10|   0|   10|          0|
    |ap_phi_reg_pp0_iter2_pixBuf_155_reg_838     |   10|   0|   10|          0|
    |ap_phi_reg_pp0_iter2_pixBuf_156_reg_829     |   10|   0|   10|          0|
    |ap_phi_reg_pp0_iter2_pixBuf_157_reg_820     |   10|   0|   10|          0|
    |ap_phi_reg_pp0_iter2_pixBuf_158_reg_811     |   10|   0|   10|          0|
    |ap_phi_reg_pp0_iter2_pixBuf_159_reg_802     |   10|   0|   10|          0|
    |ap_phi_reg_pp0_iter2_pixBuf_160_reg_793     |   10|   0|   10|          0|
    |ap_phi_reg_pp0_iter2_pixBuf_161_reg_784     |   10|   0|   10|          0|
    |ap_phi_reg_pp0_iter2_pixBuf_162_reg_775     |   10|   0|   10|          0|
    |ap_phi_reg_pp0_iter2_pix_29_reg_1444        |   10|   0|   10|          0|
    |ap_phi_reg_pp0_iter2_right_10_reg_1434      |   10|   0|   10|          0|
    |ap_phi_reg_pp0_iter2_right_13_reg_1424      |   10|   0|   10|          0|
    |ap_phi_reg_pp0_iter2_up_11_reg_1490         |   10|   0|   10|          0|
    |ap_phi_reg_pp0_iter2_up_2_reg_1481          |   10|   0|   10|          0|
    |ap_phi_reg_pp0_iter2_up_5_reg_1472          |   10|   0|   10|          0|
    |ap_phi_reg_pp0_iter2_up_8_reg_1463          |   10|   0|   10|          0|
    |ap_phi_reg_pp0_iter3_down_11_reg_1415       |   10|   0|   10|          0|
    |ap_phi_reg_pp0_iter3_down_2_reg_1406        |   10|   0|   10|          0|
    |ap_phi_reg_pp0_iter3_down_5_reg_1397        |   10|   0|   10|          0|
    |ap_phi_reg_pp0_iter3_down_8_reg_1388        |   10|   0|   10|          0|
    |ap_phi_reg_pp0_iter3_left_2_reg_1454        |   10|   0|   10|          0|
    |ap_phi_reg_pp0_iter3_pixBuf_151_reg_874     |   10|   0|   10|          0|
    |ap_phi_reg_pp0_iter3_pixBuf_152_reg_865     |   10|   0|   10|          0|
    |ap_phi_reg_pp0_iter3_pixBuf_153_reg_856     |   10|   0|   10|          0|
    |ap_phi_reg_pp0_iter3_pixBuf_154_reg_847     |   10|   0|   10|          0|
    |ap_phi_reg_pp0_iter3_pixBuf_155_reg_838     |   10|   0|   10|          0|
    |ap_phi_reg_pp0_iter3_pixBuf_156_reg_829     |   10|   0|   10|          0|
    |ap_phi_reg_pp0_iter3_pixBuf_157_reg_820     |   10|   0|   10|          0|
    |ap_phi_reg_pp0_iter3_pixBuf_158_reg_811     |   10|   0|   10|          0|
    |ap_phi_reg_pp0_iter3_pixBuf_159_reg_802     |   10|   0|   10|          0|
    |ap_phi_reg_pp0_iter3_pixBuf_160_reg_793     |   10|   0|   10|          0|
    |ap_phi_reg_pp0_iter3_pixBuf_161_reg_784     |   10|   0|   10|          0|
    |ap_phi_reg_pp0_iter3_pixBuf_162_reg_775     |   10|   0|   10|          0|
    |ap_phi_reg_pp0_iter3_pix_29_reg_1444        |   10|   0|   10|          0|
    |ap_phi_reg_pp0_iter3_right_10_reg_1434      |   10|   0|   10|          0|
    |ap_phi_reg_pp0_iter3_right_13_reg_1424      |   10|   0|   10|          0|
    |ap_phi_reg_pp0_iter3_up_11_reg_1490         |   10|   0|   10|          0|
    |ap_phi_reg_pp0_iter3_up_2_reg_1481          |   10|   0|   10|          0|
    |ap_phi_reg_pp0_iter3_up_5_reg_1472          |   10|   0|   10|          0|
    |ap_phi_reg_pp0_iter3_up_8_reg_1463          |   10|   0|   10|          0|
    |ap_phi_reg_pp0_iter4_down_11_reg_1415       |   10|   0|   10|          0|
    |ap_phi_reg_pp0_iter4_down_2_reg_1406        |   10|   0|   10|          0|
    |ap_phi_reg_pp0_iter4_down_5_reg_1397        |   10|   0|   10|          0|
    |ap_phi_reg_pp0_iter4_down_8_reg_1388        |   10|   0|   10|          0|
    |ap_phi_reg_pp0_iter4_left_2_reg_1454        |   10|   0|   10|          0|
    |ap_phi_reg_pp0_iter4_pix_29_reg_1444        |   10|   0|   10|          0|
    |ap_phi_reg_pp0_iter4_right_10_reg_1434      |   10|   0|   10|          0|
    |ap_phi_reg_pp0_iter4_right_13_reg_1424      |   10|   0|   10|          0|
    |ap_phi_reg_pp0_iter4_up_11_reg_1490         |   10|   0|   10|          0|
    |ap_phi_reg_pp0_iter4_up_2_reg_1481          |   10|   0|   10|          0|
    |ap_phi_reg_pp0_iter4_up_5_reg_1472          |   10|   0|   10|          0|
    |ap_phi_reg_pp0_iter4_up_8_reg_1463          |   10|   0|   10|          0|
    |b_12_reg_7704                               |   10|   0|   10|          0|
    |b_14_reg_7714                               |   10|   0|   10|          0|
    |b_17_reg_7724                               |   10|   0|   10|          0|
    |b_20_reg_7734                               |   10|   0|   10|          0|
    |cmp161_i_reg_6432                           |    1|   0|    1|          0|
    |icmp_ln1030_1_reg_7621                      |    1|   0|    1|          0|
    |icmp_ln1030_2_reg_7647                      |    1|   0|    1|          0|
    |icmp_ln1030_3_reg_7673                      |    1|   0|    1|          0|
    |icmp_ln1030_reg_7595                        |    1|   0|    1|          0|
    |icmp_ln881_reg_6419                         |    1|   0|    1|          0|
    |icmp_ln891_reg_6428                         |    1|   0|    1|          0|
    |lineBuffer_1_i_addr_reg_6485                |    8|   0|    8|          0|
    |lineBuffer_1_i_addr_reg_6485_pp0_iter2_reg  |    8|   0|    8|          0|
    |lineBuffer_i_addr_reg_6479                  |    8|   0|    8|          0|
    |p_0_0_0_0_01166_31938_i_fu_338              |   10|   0|   10|          0|
    |p_0_0_0_0_01166_31938_i_load_reg_6773       |   10|   0|   10|          0|
    |p_0_1_0_0_01167_31941_i_fu_342              |   10|   0|   10|          0|
    |p_0_1_0_0_01167_31941_i_load_reg_6778       |   10|   0|   10|          0|
    |p_0_2_0_0_01168_31944_i_fu_346              |   10|   0|   10|          0|
    |p_0_2_0_0_01168_31944_i_load_reg_6783       |   10|   0|   10|          0|
    |pf_all_done                                 |    1|   0|    1|          0|
    |pixBuf_86_fu_306                            |   10|   0|   10|          0|
    |pixBuf_87_fu_310                            |   10|   0|   10|          0|
    |pixBuf_88_fu_314                            |   10|   0|   10|          0|
    |pixBuf_89_fu_318                            |   10|   0|   10|          0|
    |pixBuf_90_fu_322                            |   10|   0|   10|          0|
    |pixBuf_91_fu_326                            |   10|   0|   10|          0|
    |pixBuf_92_fu_330                            |   10|   0|   10|          0|
    |pixBuf_93_fu_334                            |   10|   0|   10|          0|
    |pixBuf_fu_302                               |   10|   0|   10|          0|
    |pixWindow_167_fu_354                        |   10|   0|   10|          0|
    |pixWindow_168_fu_358                        |   10|   0|   10|          0|
    |pixWindow_169_fu_362                        |   10|   0|   10|          0|
    |pixWindow_170_fu_366                        |   10|   0|   10|          0|
    |pixWindow_171_fu_370                        |   10|   0|   10|          0|
    |pixWindow_172_fu_374                        |   10|   0|   10|          0|
    |pixWindow_173_fu_378                        |   10|   0|   10|          0|
    |pixWindow_174_fu_382                        |   10|   0|   10|          0|
    |pixWindow_175_fu_386                        |   10|   0|   10|          0|
    |pixWindow_176_fu_390                        |   10|   0|   10|          0|
    |pixWindow_177_fu_394                        |   10|   0|   10|          0|
    |pixWindow_178_fu_398                        |   10|   0|   10|          0|
    |pixWindow_179_fu_402                        |   10|   0|   10|          0|
    |pixWindow_180_fu_406                        |   10|   0|   10|          0|
    |pixWindow_181_fu_410                        |   10|   0|   10|          0|
    |pixWindow_182_fu_414                        |   10|   0|   10|          0|
    |pixWindow_183_fu_418                        |   10|   0|   10|          0|
    |pixWindow_184_fu_422                        |   10|   0|   10|          0|
    |pixWindow_185_fu_426                        |   10|   0|   10|          0|
    |pixWindow_186_fu_430                        |   10|   0|   10|          0|
    |pixWindow_187_fu_434                        |   10|   0|   10|          0|
    |pixWindow_188_fu_438                        |   10|   0|   10|          0|
    |pixWindow_189_fu_442                        |   10|   0|   10|          0|
    |pixWindow_190_fu_446                        |   10|   0|   10|          0|
    |pixWindow_191_fu_450                        |   10|   0|   10|          0|
    |pixWindow_192_fu_454                        |   10|   0|   10|          0|
    |pixWindow_193_reg_6789                      |   10|   0|   10|          0|
    |pixWindow_194_reg_6794                      |   10|   0|   10|          0|
    |pixWindow_195_reg_6799                      |   10|   0|   10|          0|
    |pixWindow_196_reg_6805                      |   10|   0|   10|          0|
    |pixWindow_197_reg_6810                      |   10|   0|   10|          0|
    |pixWindow_198_reg_6815                      |   10|   0|   10|          0|
    |pixWindow_199_reg_6821                      |   10|   0|   10|          0|
    |pixWindow_200_reg_6826                      |   10|   0|   10|          0|
    |pixWindow_201_reg_6831                      |   10|   0|   10|          0|
    |pixWindow_205_reg_6837                      |   10|   0|   10|          0|
    |pixWindow_206_reg_6842                      |   10|   0|   10|          0|
    |pixWindow_207_reg_6847                      |   10|   0|   10|          0|
    |pixWindow_208_reg_6853                      |   10|   0|   10|          0|
    |pixWindow_209_reg_6858                      |   10|   0|   10|          0|
    |pixWindow_210_reg_6863                      |   10|   0|   10|          0|
    |pixWindow_211_reg_6869                      |   10|   0|   10|          0|
    |pixWindow_212_reg_6874                      |   10|   0|   10|          0|
    |pixWindow_213_reg_6879                      |   10|   0|   10|          0|
    |pixWindow_217_reg_6885                      |   10|   0|   10|          0|
    |pixWindow_218_reg_6890                      |   10|   0|   10|          0|
    |pixWindow_219_reg_6895                      |   10|   0|   10|          0|
    |pixWindow_220_reg_6901                      |   10|   0|   10|          0|
    |pixWindow_221_reg_6906                      |   10|   0|   10|          0|
    |pixWindow_222_reg_6911                      |   10|   0|   10|          0|
    |pixWindow_223_reg_6917                      |   10|   0|   10|          0|
    |pixWindow_224_reg_6922                      |   10|   0|   10|          0|
    |pixWindow_225_reg_6927                      |   10|   0|   10|          0|
    |pixWindow_229_reg_6685                      |   10|   0|   10|          0|
    |pixWindow_230_reg_6694                      |   10|   0|   10|          0|
    |pixWindow_231_reg_6703                      |   10|   0|   10|          0|
    |pixWindow_232_reg_6712                      |   10|   0|   10|          0|
    |pixWindow_233_reg_6717                      |   10|   0|   10|          0|
    |pixWindow_234_reg_6722                      |   10|   0|   10|          0|
    |pixWindow_235_reg_6727                      |   10|   0|   10|          0|
    |pixWindow_236_reg_6732                      |   10|   0|   10|          0|
    |pixWindow_237_reg_6737                      |   10|   0|   10|          0|
    |pixWindow_241_reg_6586                      |   10|   0|   10|          0|
    |pixWindow_242_reg_6598                      |   10|   0|   10|          0|
    |pixWindow_243_reg_6610                      |   10|   0|   10|          0|
    |pixWindow_244_reg_6622                      |   10|   0|   10|          0|
    |pixWindow_245_reg_6629                      |   10|   0|   10|          0|
    |pixWindow_246_reg_6636                      |   10|   0|   10|          0|
    |pixWindow_247_reg_6643                      |   10|   0|   10|          0|
    |pixWindow_248_reg_6650                      |   10|   0|   10|          0|
    |pixWindow_249_reg_6657                      |   10|   0|   10|          0|
    |pixWindow_250_reg_6664                      |   10|   0|   10|          0|
    |pixWindow_251_reg_6671                      |   10|   0|   10|          0|
    |pixWindow_252_reg_6678                      |   10|   0|   10|          0|
    |pixWindow_294_reg_1027                      |   10|   0|   10|          0|
    |pixWindow_295_reg_6556                      |   10|   0|   10|          0|
    |pixWindow_296_reg_6566                      |   10|   0|   10|          0|
    |pixWindow_297_reg_6576                      |   10|   0|   10|          0|
    |pixWindow_298_reg_6758                      |   10|   0|   10|          0|
    |pixWindow_299_reg_6763                      |   10|   0|   10|          0|
    |pixWindow_300_reg_6768                      |   10|   0|   10|          0|
    |pixWindow_301_reg_6742                      |   10|   0|   10|          0|
    |pixWindow_302_reg_6747                      |   10|   0|   10|          0|
    |pixWindow_303_reg_6752                      |   10|   0|   10|          0|
    |pixWindow_fu_350                            |   10|   0|   10|          0|
    |pix_28_reg_1248                             |   10|   0|   10|          0|
    |pix_29_reg_1444                             |   10|   0|   10|          0|
    |pix_29_reg_1444_pp0_iter5_reg               |   10|   0|   10|          0|
    |pix_reg_1258                                |   10|   0|   10|          0|
    |r_13_reg_7699                               |   10|   0|   10|          0|
    |r_16_reg_7709                               |   10|   0|   10|          0|
    |r_20_reg_7719                               |   10|   0|   10|          0|
    |r_24_reg_7729                               |   10|   0|   10|          0|
    |right_10_reg_1434                           |   10|   0|   10|          0|
    |right_10_reg_1434_pp0_iter5_reg             |   10|   0|   10|          0|
    |right_11_reg_1218                           |   10|   0|   10|          0|
    |right_12_reg_1208                           |   10|   0|   10|          0|
    |right_13_reg_1424                           |   10|   0|   10|          0|
    |right_13_reg_1424_pp0_iter5_reg             |   10|   0|   10|          0|
    |right_14_reg_1306                           |   10|   0|   10|          0|
    |right_15_reg_1296                           |   10|   0|   10|          0|
    |right_16_reg_1286                           |   10|   0|   10|          0|
    |right_9_reg_1228                            |   10|   0|   10|          0|
    |right_reg_1238                              |   10|   0|   10|          0|
    |select_ln1039_1_reg_7637                    |   13|   0|   13|          0|
    |select_ln1039_2_reg_7663                    |   13|   0|   13|          0|
    |select_ln1039_3_reg_7689                    |   13|   0|   13|          0|
    |select_ln1039_reg_7611                      |   13|   0|   13|          0|
    |select_ln1040_1_reg_7642                    |   13|   0|   13|          0|
    |select_ln1040_2_reg_7668                    |   13|   0|   13|          0|
    |select_ln1040_3_reg_7694                    |   13|   0|   13|          0|
    |select_ln1040_reg_7616                      |   13|   0|   13|          0|
    |sub_ln1023_1_reg_7091                       |   11|   0|   11|          0|
    |sub_ln1023_2_reg_7174                       |   11|   0|   11|          0|
    |sub_ln1023_3_reg_7251                       |   11|   0|   11|          0|
    |sub_ln1023_reg_7003                         |   11|   0|   11|          0|
    |sub_ln1024_1_reg_7112                       |   11|   0|   11|          0|
    |sub_ln1024_2_reg_7195                       |   11|   0|   11|          0|
    |sub_ln1024_3_reg_7272                       |   11|   0|   11|          0|
    |sub_ln1024_reg_7024                         |   11|   0|   11|          0|
    |sub_ln1025_1_reg_7135                       |   11|   0|   11|          0|
    |sub_ln1025_2_reg_7212                       |   11|   0|   11|          0|
    |sub_ln1025_3_reg_7289                       |   11|   0|   11|          0|
    |sub_ln1025_reg_7047                         |   11|   0|   11|          0|
    |sub_ln1026_1_reg_7158                       |   11|   0|   11|          0|
    |sub_ln1026_2_reg_7235                       |   11|   0|   11|          0|
    |sub_ln1026_3_reg_7312                       |   11|   0|   11|          0|
    |sub_ln1026_reg_7070                         |   11|   0|   11|          0|
    |sub_ln1027_1_reg_7391                       |   11|   0|   11|          0|
    |sub_ln1027_2_reg_7459                       |   11|   0|   11|          0|
    |sub_ln1027_3_reg_7527                       |   11|   0|   11|          0|
    |sub_ln1027_reg_7323                         |   11|   0|   11|          0|
    |sub_ln1028_1_reg_7406                       |   11|   0|   11|          0|
    |sub_ln1028_2_reg_7474                       |   11|   0|   11|          0|
    |sub_ln1028_3_reg_7542                       |   11|   0|   11|          0|
    |sub_ln1028_reg_7338                         |   11|   0|   11|          0|
    |sub_ln1033_10_reg_7653                      |   13|   0|   13|          0|
    |sub_ln1033_13_reg_7679                      |   13|   0|   13|          0|
    |sub_ln1033_3_reg_7601                       |   13|   0|   13|          0|
    |sub_ln1033_7_reg_7627                       |   13|   0|   13|          0|
    |sub_ln1034_10_reg_7658                      |   13|   0|   13|          0|
    |sub_ln1034_13_reg_7684                      |   13|   0|   13|          0|
    |sub_ln1034_3_reg_7606                       |   13|   0|   13|          0|
    |sub_ln1034_7_reg_7632                       |   13|   0|   13|          0|
    |sub_ln61_19_reg_7333                        |   10|   0|   10|          0|
    |sub_ln61_20_reg_7348                        |   10|   0|   10|          0|
    |sub_ln61_25_reg_7401                        |   10|   0|   10|          0|
    |sub_ln61_26_reg_7416                        |   10|   0|   10|          0|
    |sub_ln61_31_reg_7469                        |   10|   0|   10|          0|
    |sub_ln61_32_reg_7484                        |   10|   0|   10|          0|
    |sub_ln61_37_reg_7537                        |   10|   0|   10|          0|
    |sub_ln61_38_reg_7552                        |   10|   0|   10|          0|
    |trunc_ln61_16_reg_7029                      |   10|   0|   10|          0|
    |trunc_ln61_17_reg_7052                      |   10|   0|   10|          0|
    |trunc_ln61_18_reg_7075                      |   10|   0|   10|          0|
    |trunc_ln61_19_reg_7328                      |   10|   0|   10|          0|
    |trunc_ln61_20_reg_7343                      |   10|   0|   10|          0|
    |trunc_ln61_21_reg_7096                      |   10|   0|   10|          0|
    |trunc_ln61_22_reg_7117                      |   10|   0|   10|          0|
    |trunc_ln61_23_reg_7140                      |   10|   0|   10|          0|
    |trunc_ln61_24_reg_7163                      |   10|   0|   10|          0|
    |trunc_ln61_25_reg_7396                      |   10|   0|   10|          0|
    |trunc_ln61_26_reg_7411                      |   10|   0|   10|          0|
    |trunc_ln61_27_reg_7179                      |   10|   0|   10|          0|
    |trunc_ln61_28_reg_7200                      |   10|   0|   10|          0|
    |trunc_ln61_29_reg_7217                      |   10|   0|   10|          0|
    |trunc_ln61_30_reg_7240                      |   10|   0|   10|          0|
    |trunc_ln61_31_reg_7464                      |   10|   0|   10|          0|
    |trunc_ln61_32_reg_7479                      |   10|   0|   10|          0|
    |trunc_ln61_33_reg_7256                      |   10|   0|   10|          0|
    |trunc_ln61_34_reg_7277                      |   10|   0|   10|          0|
    |trunc_ln61_35_reg_7294                      |   10|   0|   10|          0|
    |trunc_ln61_36_reg_7317                      |   10|   0|   10|          0|
    |trunc_ln61_37_reg_7532                      |   10|   0|   10|          0|
    |trunc_ln61_38_reg_7547                      |   10|   0|   10|          0|
    |trunc_ln61_reg_7008                         |   10|   0|   10|          0|
    |x_fu_294                                    |   10|   0|   10|          0|
    |z_fu_298                                    |    8|   0|    8|          0|
    |zext_ln1023_1_reg_6998                      |   10|   0|   11|          1|
    |zext_ln1023_2_reg_7081                      |   10|   0|   11|          1|
    |zext_ln1023_3_reg_7086                      |   10|   0|   11|          1|
    |zext_ln1023_4_reg_7169                      |   10|   0|   11|          1|
    |zext_ln1023_5_reg_7246                      |   10|   0|   11|          1|
    |zext_ln1023_reg_6993                        |   10|   0|   11|          1|
    |zext_ln1024_1_reg_7019                      |   10|   0|   11|          1|
    |zext_ln1024_2_reg_7102                      |   10|   0|   11|          1|
    |zext_ln1024_3_reg_7107                      |   10|   0|   11|          1|
    |zext_ln1024_4_reg_7185                      |   10|   0|   11|          1|
    |zext_ln1024_5_reg_7190                      |   10|   0|   11|          1|
    |zext_ln1024_6_reg_7262                      |   10|   0|   11|          1|
    |zext_ln1024_7_reg_7267                      |   10|   0|   11|          1|
    |zext_ln1024_reg_7014                        |   10|   0|   11|          1|
    |zext_ln1025_1_reg_7041                      |   10|   0|   11|          1|
    |zext_ln1025_2_reg_7123                      |   10|   0|   11|          1|
    |zext_ln1025_3_reg_7129                      |   10|   0|   11|          1|
    |zext_ln1025_4_reg_7206                      |   10|   0|   11|          1|
    |zext_ln1025_5_reg_7283                      |   10|   0|   11|          1|
    |zext_ln1025_reg_7035                        |   10|   0|   11|          1|
    |zext_ln1026_1_reg_7064                      |   10|   0|   11|          1|
    |zext_ln1026_2_reg_7146                      |   10|   0|   11|          1|
    |zext_ln1026_3_reg_7152                      |   10|   0|   11|          1|
    |zext_ln1026_4_reg_7223                      |   10|   0|   11|          1|
    |zext_ln1026_5_reg_7229                      |   10|   0|   11|          1|
    |zext_ln1026_6_reg_7300                      |   10|   0|   11|          1|
    |zext_ln1026_7_reg_7306                      |   10|   0|   11|          1|
    |zext_ln1026_reg_7058                        |   10|   0|   11|          1|
    |and_ln1052_reg_6475                         |   64|  32|    1|          0|
    |cmp161_i_reg_6432                           |   64|  32|    1|          0|
    |icmp_ln881_reg_6419                         |   64|  32|    1|          0|
    |icmp_ln891_reg_6428                         |   64|  32|    1|          0|
    |p_0_0_0_0_01166_31938_i_load_reg_6773       |   64|  32|   10|          0|
    |p_0_1_0_0_01167_31941_i_load_reg_6778       |   64|  32|   10|          0|
    |p_0_2_0_0_01168_31944_i_load_reg_6783       |   64|  32|   10|          0|
    |pixWindow_193_reg_6789                      |   64|  32|   10|          0|
    |pixWindow_194_reg_6794                      |   64|  32|   10|          0|
    |pixWindow_195_reg_6799                      |   64|  32|   10|          0|
    |pixWindow_196_reg_6805                      |   64|  32|   10|          0|
    |pixWindow_197_reg_6810                      |   64|  32|   10|          0|
    |pixWindow_198_reg_6815                      |   64|  32|   10|          0|
    |pixWindow_199_reg_6821                      |   64|  32|   10|          0|
    |pixWindow_200_reg_6826                      |   64|  32|   10|          0|
    |pixWindow_201_reg_6831                      |   64|  32|   10|          0|
    |pixWindow_205_reg_6837                      |   64|  32|   10|          0|
    |pixWindow_206_reg_6842                      |   64|  32|   10|          0|
    |pixWindow_207_reg_6847                      |   64|  32|   10|          0|
    |pixWindow_208_reg_6853                      |   64|  32|   10|          0|
    |pixWindow_209_reg_6858                      |   64|  32|   10|          0|
    |pixWindow_210_reg_6863                      |   64|  32|   10|          0|
    |pixWindow_211_reg_6869                      |   64|  32|   10|          0|
    |pixWindow_212_reg_6874                      |   64|  32|   10|          0|
    |pixWindow_213_reg_6879                      |   64|  32|   10|          0|
    |pixWindow_217_reg_6885                      |   64|  32|   10|          0|
    |pixWindow_218_reg_6890                      |   64|  32|   10|          0|
    |pixWindow_219_reg_6895                      |   64|  32|   10|          0|
    |pixWindow_220_reg_6901                      |   64|  32|   10|          0|
    |pixWindow_221_reg_6906                      |   64|  32|   10|          0|
    |pixWindow_222_reg_6911                      |   64|  32|   10|          0|
    |pixWindow_223_reg_6917                      |   64|  32|   10|          0|
    |pixWindow_224_reg_6922                      |   64|  32|   10|          0|
    |pixWindow_225_reg_6927                      |   64|  32|   10|          0|
    |pixWindow_295_reg_6556                      |   64|  32|   10|          0|
    |pixWindow_296_reg_6566                      |   64|  32|   10|          0|
    |pixWindow_297_reg_6576                      |   64|  32|   10|          0|
    |pixWindow_298_reg_6758                      |   64|  32|   10|          0|
    |pixWindow_299_reg_6763                      |   64|  32|   10|          0|
    |pixWindow_300_reg_6768                      |   64|  32|   10|          0|
    |pixWindow_301_reg_6742                      |   64|  32|   10|          0|
    |pixWindow_302_reg_6747                      |   64|  32|   10|          0|
    |pixWindow_303_reg_6752                      |   64|  32|   10|          0|
    |pix_28_reg_1248                             |   64|  32|   10|          0|
    |pix_reg_1258                                |   64|  32|   10|          0|
    |right_11_reg_1218                           |   64|  32|   10|          0|
    |right_12_reg_1208                           |   64|  32|   10|          0|
    |right_14_reg_1306                           |   64|  32|   10|          0|
    |right_15_reg_1296                           |   64|  32|   10|          0|
    |right_16_reg_1286                           |   64|  32|   10|          0|
    |right_9_reg_1228                            |   64|  32|   10|          0|
    |right_reg_1238                              |   64|  32|   10|          0|
    +--------------------------------------------+-----+----+-----+-----------+
    |Total                                       | 7035|1664| 4219|         28|
    +--------------------------------------------+-----+----+-----+-----------+



================================================================
== Interface
================================================================
* Summary: 
+------------------------------------+-----+-----+------------+-------------------------------------------+--------------+
|              RTL Ports             | Dir | Bits|  Protocol  |               Source Object               |    C Type    |
+------------------------------------+-----+-----+------------+-------------------------------------------+--------------+
|ap_clk                              |   in|    1|  ap_ctrl_hs|  DebayerRandBatG_Pipeline_VITIS_LOOP_881_2|  return value|
|ap_rst                              |   in|    1|  ap_ctrl_hs|  DebayerRandBatG_Pipeline_VITIS_LOOP_881_2|  return value|
|ap_start                            |   in|    1|  ap_ctrl_hs|  DebayerRandBatG_Pipeline_VITIS_LOOP_881_2|  return value|
|ap_done                             |  out|    1|  ap_ctrl_hs|  DebayerRandBatG_Pipeline_VITIS_LOOP_881_2|  return value|
|ap_idle                             |  out|    1|  ap_ctrl_hs|  DebayerRandBatG_Pipeline_VITIS_LOOP_881_2|  return value|
|ap_ready                            |  out|    1|  ap_ctrl_hs|  DebayerRandBatG_Pipeline_VITIS_LOOP_881_2|  return value|
|imgRB_dout                          |   in|  120|     ap_fifo|                                      imgRB|       pointer|
|imgRB_num_data_valid                |   in|    3|     ap_fifo|                                      imgRB|       pointer|
|imgRB_fifo_cap                      |   in|    3|     ap_fifo|                                      imgRB|       pointer|
|imgRB_empty_n                       |   in|    1|     ap_fifo|                                      imgRB|       pointer|
|imgRB_read                          |  out|    1|     ap_fifo|                                      imgRB|       pointer|
|imgRgb_din                          |  out|  120|     ap_fifo|                                     imgRgb|       pointer|
|imgRgb_num_data_valid               |   in|    3|     ap_fifo|                                     imgRgb|       pointer|
|imgRgb_fifo_cap                     |   in|    3|     ap_fifo|                                     imgRgb|       pointer|
|imgRgb_full_n                       |   in|    1|     ap_fifo|                                     imgRgb|       pointer|
|imgRgb_write                        |  out|    1|     ap_fifo|                                     imgRgb|       pointer|
|pixWindow_322_i                     |   in|   10|     ap_none|                            pixWindow_322_i|        scalar|
|pixWindow_321_i                     |   in|   10|     ap_none|                            pixWindow_321_i|        scalar|
|pixWindow_320_i                     |   in|   10|     ap_none|                            pixWindow_320_i|        scalar|
|pixWindow_325_i                     |   in|   10|     ap_none|                            pixWindow_325_i|        scalar|
|pixWindow_324_i                     |   in|   10|     ap_none|                            pixWindow_324_i|        scalar|
|pixWindow_323_i                     |   in|   10|     ap_none|                            pixWindow_323_i|        scalar|
|pixWindow_328_i                     |   in|   10|     ap_none|                            pixWindow_328_i|        scalar|
|pixWindow_327_i                     |   in|   10|     ap_none|                            pixWindow_327_i|        scalar|
|pixWindow_326_i                     |   in|   10|     ap_none|                            pixWindow_326_i|        scalar|
|pixWindow_208_i                     |   in|   10|     ap_none|                            pixWindow_208_i|        scalar|
|pixWindow_207_i                     |   in|   10|     ap_none|                            pixWindow_207_i|        scalar|
|pixWindow_206_i                     |   in|   10|     ap_none|                            pixWindow_206_i|        scalar|
|pixWindow_205_i                     |   in|   10|     ap_none|                            pixWindow_205_i|        scalar|
|pixWindow_204_i                     |   in|   10|     ap_none|                            pixWindow_204_i|        scalar|
|pixWindow_203_i                     |   in|   10|     ap_none|                            pixWindow_203_i|        scalar|
|pixWindow_202_i                     |   in|   10|     ap_none|                            pixWindow_202_i|        scalar|
|pixWindow_201_i                     |   in|   10|     ap_none|                            pixWindow_201_i|        scalar|
|pixWindow_200_i                     |   in|   10|     ap_none|                            pixWindow_200_i|        scalar|
|pixWindow_196_i                     |   in|   10|     ap_none|                            pixWindow_196_i|        scalar|
|pixWindow_195_i                     |   in|   10|     ap_none|                            pixWindow_195_i|        scalar|
|pixWindow_194_i                     |   in|   10|     ap_none|                            pixWindow_194_i|        scalar|
|pixWindow_193_i                     |   in|   10|     ap_none|                            pixWindow_193_i|        scalar|
|pixWindow_192_i                     |   in|   10|     ap_none|                            pixWindow_192_i|        scalar|
|pixWindow_191_i                     |   in|   10|     ap_none|                            pixWindow_191_i|        scalar|
|pixWindow_190_i                     |   in|   10|     ap_none|                            pixWindow_190_i|        scalar|
|pixWindow_189_i                     |   in|   10|     ap_none|                            pixWindow_189_i|        scalar|
|pixWindow_188_i                     |   in|   10|     ap_none|                            pixWindow_188_i|        scalar|
|pixWindow_184_i                     |   in|   10|     ap_none|                            pixWindow_184_i|        scalar|
|pixWindow_183_i                     |   in|   10|     ap_none|                            pixWindow_183_i|        scalar|
|pixWindow_182_i                     |   in|   10|     ap_none|                            pixWindow_182_i|        scalar|
|pixWindow_181_i                     |   in|   10|     ap_none|                            pixWindow_181_i|        scalar|
|pixWindow_180_i                     |   in|   10|     ap_none|                            pixWindow_180_i|        scalar|
|pixWindow_179_i                     |   in|   10|     ap_none|                            pixWindow_179_i|        scalar|
|pixWindow_178_i                     |   in|   10|     ap_none|                            pixWindow_178_i|        scalar|
|pixWindow_177_i                     |   in|   10|     ap_none|                            pixWindow_177_i|        scalar|
|pixWindow_i                         |   in|   10|     ap_none|                                pixWindow_i|        scalar|
|p_0_2_0_0_01168_31942_lcssa2037_i   |   in|   10|     ap_none|          p_0_2_0_0_01168_31942_lcssa2037_i|        scalar|
|p_0_1_0_0_01167_31939_lcssa2035_i   |   in|   10|     ap_none|          p_0_1_0_0_01167_31939_lcssa2035_i|        scalar|
|p_0_0_0_0_01166_31936_lcssa2033_i   |   in|   10|     ap_none|          p_0_0_0_0_01166_31936_lcssa2033_i|        scalar|
|add_ln878_1_i                       |   in|    8|   ap_stable|                              add_ln878_1_i|        scalar|
|cmp310_i                            |   in|    1|     ap_none|                                   cmp310_i|        scalar|
|cmp310_1_i                          |   in|    1|     ap_none|                                 cmp310_1_i|        scalar|
|cmp478_i                            |   in|    1|     ap_none|                                   cmp478_i|        scalar|
|lineBuffer_1_i_address0             |  out|    8|   ap_memory|                             lineBuffer_1_i|         array|
|lineBuffer_1_i_ce0                  |  out|    1|   ap_memory|                             lineBuffer_1_i|         array|
|lineBuffer_1_i_we0                  |  out|    1|   ap_memory|                             lineBuffer_1_i|         array|
|lineBuffer_1_i_d0                   |  out|  120|   ap_memory|                             lineBuffer_1_i|         array|
|lineBuffer_1_i_address1             |  out|    8|   ap_memory|                             lineBuffer_1_i|         array|
|lineBuffer_1_i_ce1                  |  out|    1|   ap_memory|                             lineBuffer_1_i|         array|
|lineBuffer_1_i_q1                   |   in|  120|   ap_memory|                             lineBuffer_1_i|         array|
|lineBuffer_i_address0               |  out|    8|   ap_memory|                               lineBuffer_i|         array|
|lineBuffer_i_ce0                    |  out|    1|   ap_memory|                               lineBuffer_i|         array|
|lineBuffer_i_we0                    |  out|    1|   ap_memory|                               lineBuffer_i|         array|
|lineBuffer_i_d0                     |  out|  120|   ap_memory|                               lineBuffer_i|         array|
|lineBuffer_i_address1               |  out|    8|   ap_memory|                               lineBuffer_i|         array|
|lineBuffer_i_ce1                    |  out|    1|   ap_memory|                               lineBuffer_i|         array|
|lineBuffer_i_q1                     |   in|  120|   ap_memory|                               lineBuffer_i|         array|
|empty                               |   in|   10|   ap_stable|                                      empty|        scalar|
|cmp59_i                             |   in|    1|     ap_none|                                    cmp59_i|        scalar|
|pixWindow_331_i_out                 |  out|   10|      ap_vld|                        pixWindow_331_i_out|       pointer|
|pixWindow_331_i_out_ap_vld          |  out|    1|      ap_vld|                        pixWindow_331_i_out|       pointer|
|pixWindow_330_i_out                 |  out|   10|      ap_vld|                        pixWindow_330_i_out|       pointer|
|pixWindow_330_i_out_ap_vld          |  out|    1|      ap_vld|                        pixWindow_330_i_out|       pointer|
|pixWindow_329_i_out                 |  out|   10|      ap_vld|                        pixWindow_329_i_out|       pointer|
|pixWindow_329_i_out_ap_vld          |  out|    1|      ap_vld|                        pixWindow_329_i_out|       pointer|
|pixWindow_334_i_out                 |  out|   10|      ap_vld|                        pixWindow_334_i_out|       pointer|
|pixWindow_334_i_out_ap_vld          |  out|    1|      ap_vld|                        pixWindow_334_i_out|       pointer|
|pixWindow_333_i_out                 |  out|   10|      ap_vld|                        pixWindow_333_i_out|       pointer|
|pixWindow_333_i_out_ap_vld          |  out|    1|      ap_vld|                        pixWindow_333_i_out|       pointer|
|pixWindow_332_i_out                 |  out|   10|      ap_vld|                        pixWindow_332_i_out|       pointer|
|pixWindow_332_i_out_ap_vld          |  out|    1|      ap_vld|                        pixWindow_332_i_out|       pointer|
|pixWindow_337_i_out                 |  out|   10|      ap_vld|                        pixWindow_337_i_out|       pointer|
|pixWindow_337_i_out_ap_vld          |  out|    1|      ap_vld|                        pixWindow_337_i_out|       pointer|
|pixWindow_336_i_out                 |  out|   10|      ap_vld|                        pixWindow_336_i_out|       pointer|
|pixWindow_336_i_out_ap_vld          |  out|    1|      ap_vld|                        pixWindow_336_i_out|       pointer|
|pixWindow_335_i_out                 |  out|   10|      ap_vld|                        pixWindow_335_i_out|       pointer|
|pixWindow_335_i_out_ap_vld          |  out|    1|      ap_vld|                        pixWindow_335_i_out|       pointer|
|pixWindow_244_i_out                 |  out|   10|      ap_vld|                        pixWindow_244_i_out|       pointer|
|pixWindow_244_i_out_ap_vld          |  out|    1|      ap_vld|                        pixWindow_244_i_out|       pointer|
|pixWindow_243_i_out                 |  out|   10|      ap_vld|                        pixWindow_243_i_out|       pointer|
|pixWindow_243_i_out_ap_vld          |  out|    1|      ap_vld|                        pixWindow_243_i_out|       pointer|
|pixWindow_242_i_out                 |  out|   10|      ap_vld|                        pixWindow_242_i_out|       pointer|
|pixWindow_242_i_out_ap_vld          |  out|    1|      ap_vld|                        pixWindow_242_i_out|       pointer|
|pixWindow_241_i_out                 |  out|   10|      ap_vld|                        pixWindow_241_i_out|       pointer|
|pixWindow_241_i_out_ap_vld          |  out|    1|      ap_vld|                        pixWindow_241_i_out|       pointer|
|pixWindow_240_i_out                 |  out|   10|      ap_vld|                        pixWindow_240_i_out|       pointer|
|pixWindow_240_i_out_ap_vld          |  out|    1|      ap_vld|                        pixWindow_240_i_out|       pointer|
|pixWindow_239_i_out                 |  out|   10|      ap_vld|                        pixWindow_239_i_out|       pointer|
|pixWindow_239_i_out_ap_vld          |  out|    1|      ap_vld|                        pixWindow_239_i_out|       pointer|
|pixWindow_238_i_out                 |  out|   10|      ap_vld|                        pixWindow_238_i_out|       pointer|
|pixWindow_238_i_out_ap_vld          |  out|    1|      ap_vld|                        pixWindow_238_i_out|       pointer|
|pixWindow_237_i_out                 |  out|   10|      ap_vld|                        pixWindow_237_i_out|       pointer|
|pixWindow_237_i_out_ap_vld          |  out|    1|      ap_vld|                        pixWindow_237_i_out|       pointer|
|pixWindow_236_i_out                 |  out|   10|      ap_vld|                        pixWindow_236_i_out|       pointer|
|pixWindow_236_i_out_ap_vld          |  out|    1|      ap_vld|                        pixWindow_236_i_out|       pointer|
|pixWindow_232_i_out                 |  out|   10|      ap_vld|                        pixWindow_232_i_out|       pointer|
|pixWindow_232_i_out_ap_vld          |  out|    1|      ap_vld|                        pixWindow_232_i_out|       pointer|
|pixWindow_231_i_out                 |  out|   10|      ap_vld|                        pixWindow_231_i_out|       pointer|
|pixWindow_231_i_out_ap_vld          |  out|    1|      ap_vld|                        pixWindow_231_i_out|       pointer|
|pixWindow_230_i_out                 |  out|   10|      ap_vld|                        pixWindow_230_i_out|       pointer|
|pixWindow_230_i_out_ap_vld          |  out|    1|      ap_vld|                        pixWindow_230_i_out|       pointer|
|pixWindow_229_i_out                 |  out|   10|      ap_vld|                        pixWindow_229_i_out|       pointer|
|pixWindow_229_i_out_ap_vld          |  out|    1|      ap_vld|                        pixWindow_229_i_out|       pointer|
|pixWindow_228_i_out                 |  out|   10|      ap_vld|                        pixWindow_228_i_out|       pointer|
|pixWindow_228_i_out_ap_vld          |  out|    1|      ap_vld|                        pixWindow_228_i_out|       pointer|
|pixWindow_227_i_out                 |  out|   10|      ap_vld|                        pixWindow_227_i_out|       pointer|
|pixWindow_227_i_out_ap_vld          |  out|    1|      ap_vld|                        pixWindow_227_i_out|       pointer|
|pixWindow_226_i_out                 |  out|   10|      ap_vld|                        pixWindow_226_i_out|       pointer|
|pixWindow_226_i_out_ap_vld          |  out|    1|      ap_vld|                        pixWindow_226_i_out|       pointer|
|pixWindow_225_i_out                 |  out|   10|      ap_vld|                        pixWindow_225_i_out|       pointer|
|pixWindow_225_i_out_ap_vld          |  out|    1|      ap_vld|                        pixWindow_225_i_out|       pointer|
|pixWindow_224_i_out                 |  out|   10|      ap_vld|                        pixWindow_224_i_out|       pointer|
|pixWindow_224_i_out_ap_vld          |  out|    1|      ap_vld|                        pixWindow_224_i_out|       pointer|
|pixWindow_220_i_out                 |  out|   10|      ap_vld|                        pixWindow_220_i_out|       pointer|
|pixWindow_220_i_out_ap_vld          |  out|    1|      ap_vld|                        pixWindow_220_i_out|       pointer|
|pixWindow_219_i_out                 |  out|   10|      ap_vld|                        pixWindow_219_i_out|       pointer|
|pixWindow_219_i_out_ap_vld          |  out|    1|      ap_vld|                        pixWindow_219_i_out|       pointer|
|pixWindow_218_i_out                 |  out|   10|      ap_vld|                        pixWindow_218_i_out|       pointer|
|pixWindow_218_i_out_ap_vld          |  out|    1|      ap_vld|                        pixWindow_218_i_out|       pointer|
|pixWindow_217_i_out                 |  out|   10|      ap_vld|                        pixWindow_217_i_out|       pointer|
|pixWindow_217_i_out_ap_vld          |  out|    1|      ap_vld|                        pixWindow_217_i_out|       pointer|
|pixWindow_216_i_out                 |  out|   10|      ap_vld|                        pixWindow_216_i_out|       pointer|
|pixWindow_216_i_out_ap_vld          |  out|    1|      ap_vld|                        pixWindow_216_i_out|       pointer|
|pixWindow_215_i_out                 |  out|   10|      ap_vld|                        pixWindow_215_i_out|       pointer|
|pixWindow_215_i_out_ap_vld          |  out|    1|      ap_vld|                        pixWindow_215_i_out|       pointer|
|pixWindow_214_i_out                 |  out|   10|      ap_vld|                        pixWindow_214_i_out|       pointer|
|pixWindow_214_i_out_ap_vld          |  out|    1|      ap_vld|                        pixWindow_214_i_out|       pointer|
|pixWindow_213_i_out                 |  out|   10|      ap_vld|                        pixWindow_213_i_out|       pointer|
|pixWindow_213_i_out_ap_vld          |  out|    1|      ap_vld|                        pixWindow_213_i_out|       pointer|
|pixWindow_212_i_out                 |  out|   10|      ap_vld|                        pixWindow_212_i_out|       pointer|
|pixWindow_212_i_out_ap_vld          |  out|    1|      ap_vld|                        pixWindow_212_i_out|       pointer|
|p_0_2_0_0_01168_31944_i_out         |  out|   10|      ap_vld|                p_0_2_0_0_01168_31944_i_out|       pointer|
|p_0_2_0_0_01168_31944_i_out_ap_vld  |  out|    1|      ap_vld|                p_0_2_0_0_01168_31944_i_out|       pointer|
|p_0_1_0_0_01167_31941_i_out         |  out|   10|      ap_vld|                p_0_1_0_0_01167_31941_i_out|       pointer|
|p_0_1_0_0_01167_31941_i_out_ap_vld  |  out|    1|      ap_vld|                p_0_1_0_0_01167_31941_i_out|       pointer|
|p_0_0_0_0_01166_31938_i_out         |  out|   10|      ap_vld|                p_0_0_0_0_01166_31938_i_out|       pointer|
|p_0_0_0_0_01166_31938_i_out_ap_vld  |  out|    1|      ap_vld|                p_0_0_0_0_01166_31938_i_out|       pointer|
+------------------------------------+-----+-----+------------+-------------------------------------------+--------------+

