================================================================
== Design Size Report
================================================================

* Total Instructions per Compilation Phase
+---------------+-----------------------------+--------------+----------------------------------------------------------------------------------------+
| Phase         | Step                        | Instructions | Description                                                                            |
+---------------+-----------------------------+--------------+----------------------------------------------------------------------------------------+
| Compile/Link  |                             | 1,715        | After all functions are compiled and linked into a single design                       |
|               |                             |              |                                                                                        |
| Unroll/Inline |                             |              | After user unroll and inline pragmas are applied                                       |
|               | (1) unroll                  |   850        | user unroll pragmas are applied                                                        |
|               | (2) simplification          |   567        | simplification of applied user unroll pragmas                                          |
|               | (3) inline                  |   667        | user inline pragmas are applied                                                        |
|               | (4) simplification          |   656        | simplification of applied user inline pragmas                                          |
|               |                             |              |                                                                                        |
| Array/Struct  |                             |              | After user array partition and struct aggregate/disaggregate pragmas are applied       |
|               | (1) array partition         |   441        | user array partition pragmas are applied                                               |
|               | (2) simplification          |   441        | simplification of applied user array partition & struct aggregate/disaggregate pragmas |
|               | (3) aggregate/disaggregate  |   447        | user struct aggregate/disaggregate pragmas are applied                                 |
|               | (4) array reshape           |   755        | apply array reshape pragmas                                                            |
|               | (5) access patterns         |   814        | array access pattern optmizations                                                      |
|               |                             |              |                                                                                        |
| Performance   |                             |              | After transformations are applied to meet performance pragma targets                   |
|               | (1) loop simplification     |   821        | loop and instruction simplification                                                    |
|               | (2) parallelization         |   814        | loops are unrolled or pipelined to meet performance targets                            |
|               | (3) array partition         |   856        | arrays are partitioned to meet performance targets                                     |
|               | (4) simplification          |   784        | simplification of design after performance transformations                             |
|               |                             |              |                                                                                        |
| HW Transforms |                             |              | After hardware transfomations                                                          |
|               | (1) lowering                |   711        | initial conversion to HW specific instructions                                         |
|               | (2) optimizations           |   774        | high level synthesis optimizations                                                     |
+---------------+-----------------------------+--------------+----------------------------------------------------------------------------------------+

* Instructions per Function for each Compilation Phase
+--------------------------------------+----------------------+----------------+---------------+---------------+---------------+---------------+
| Function                             | Location             | Compile/Link   | Unroll/Inline | Array/Struct  | Performance   | HW Transforms |
+--------------------------------------+----------------------+----------------+---------------+---------------+---------------+---------------+
| + v_gamma_lut                        | v_gamma_lut.cpp:89   | 1,715          | 656           | 814           | 784           | 774           |
|  + AXIvideo2MultiPixStream           | v_gamma_lut.cpp:159  |  421           | 261           | 295           | 230           | 224           |
|     Scalar                           | hls_video_core.h:195 |    5           |               |               |               |               |
|     reg<unsigned short>              | x_hls_utils.h:222    |    2 (2 calls) |   2 (2 calls) |   2 (2 calls) |   2 (2 calls) |   8 (2 calls) |
|   + AXIGetBitFields<120, ap_uint...  | hls_axi_io.h:83      |   74           |               |               |               |               |
|      AXIGetBitFields<120, ap_uint... | hls_axi_io.h:60      |   68           |               |               |               |               |
|  + Gamma                             | v_gamma_lut.cpp:292  |  300           | 215           | 271           | 327           | 340           |
|     Scalar                           | hls_video_core.h:195 |   10 (2 calls) |               |               |               |               |
|  + MultiPixStream2AXIvideo           | v_gamma_lut.cpp:236  |  928           | 130           | 193           | 172           | 142           |
|     Scalar                           | hls_video_core.h:195 |    5           |               |               |               |               |
+--------------------------------------+----------------------+----------------+---------------+---------------+---------------+---------------+

* Design Size Message Settings
+---------------------------------------------+--------+------------------------------------------------------------------+
| Message Setting                             | Value  | Description                                                      |
+---------------------------------------------+--------+------------------------------------------------------------------+
| config_compile -design_size_maximum_warning | 100000 | Show a warning when total design instructions exceeds this value |
+---------------------------------------------+--------+------------------------------------------------------------------+


